Component: Arm Compiler for Embedded 6.18 Tool: armlink [5e4cc100]

==============================================================================

Section Cross References

    startup_stm32f405xx.o(STACK) refers (Special) to heapauxi.o(.text) for __use_two_region_memory
    startup_stm32f405xx.o(HEAP) refers (Special) to heapauxi.o(.text) for __use_two_region_memory
    startup_stm32f405xx.o(RESET) refers (Special) to heapauxi.o(.text) for __use_two_region_memory
    startup_stm32f405xx.o(RESET) refers to startup_stm32f405xx.o(STACK) for __initial_sp
    startup_stm32f405xx.o(RESET) refers to startup_stm32f405xx.o(.text) for Reset_Handler
    startup_stm32f405xx.o(RESET) refers to stm32f4xx_it.o(.text.NMI_Handler) for NMI_Handler
    startup_stm32f405xx.o(RESET) refers to stm32f4xx_it.o(.text.HardFault_Handler) for HardFault_Handler
    startup_stm32f405xx.o(RESET) refers to stm32f4xx_it.o(.text.MemManage_Handler) for MemManage_Handler
    startup_stm32f405xx.o(RESET) refers to stm32f4xx_it.o(.text.BusFault_Handler) for BusFault_Handler
    startup_stm32f405xx.o(RESET) refers to stm32f4xx_it.o(.text.UsageFault_Handler) for UsageFault_Handler
    startup_stm32f405xx.o(RESET) refers to port.o(.text.SVC_Handler) for SVC_Handler
    startup_stm32f405xx.o(RESET) refers to stm32f4xx_it.o(.text.DebugMon_Handler) for DebugMon_Handler
    startup_stm32f405xx.o(RESET) refers to port.o(.text.PendSV_Handler) for PendSV_Handler
    startup_stm32f405xx.o(RESET) refers to cmsis_os2.o(.text.SysTick_Handler) for SysTick_Handler
    startup_stm32f405xx.o(RESET) refers to stm32f4xx_it.o(.text.CAN1_RX0_IRQHandler) for CAN1_RX0_IRQHandler
    startup_stm32f405xx.o(RESET) refers to stm32f4xx_it.o(.text.CAN1_RX1_IRQHandler) for CAN1_RX1_IRQHandler
    startup_stm32f405xx.o(RESET) refers to stm32f4xx_it.o(.text.TIM1_UP_TIM10_IRQHandler) for TIM1_UP_TIM10_IRQHandler
    startup_stm32f405xx.o(.text) refers (Special) to heapauxi.o(.text) for __use_two_region_memory
    startup_stm32f405xx.o(.text) refers to system_stm32f4xx.o(.text.SystemInit) for SystemInit
    startup_stm32f405xx.o(.text) refers to __main.o(!!!main) for __main
    startup_stm32f405xx.o(.text) refers to startup_stm32f405xx.o(HEAP) for Heap_Mem
    startup_stm32f405xx.o(.text) refers to startup_stm32f405xx.o(STACK) for Stack_Mem
    main.o(.text.main) refers to stm32f4xx_hal.o(.text.HAL_Init) for HAL_Init
    main.o(.text.main) refers to main.o(.text.SystemClock_Config) for SystemClock_Config
    main.o(.text.main) refers to gpio.o(.text.MX_GPIO_Init) for MX_GPIO_Init
    main.o(.text.main) refers to can.o(.text.MX_CAN1_Init) for MX_CAN1_Init
    main.o(.text.main) refers to cmsis_os2.o(.text.osKernelInitialize) for osKernelInitialize
    main.o(.text.main) refers to freertos.o(.text.MX_FREERTOS_Init) for MX_FREERTOS_Init
    main.o(.text.main) refers to cmsis_os2.o(.text.osKernelStart) for osKernelStart
    main.o(.ARM.exidx.text.main) refers to main.o(.text.main) for [Anonymous Symbol]
    main.o(.text.SystemClock_Config) refers to rt_memclr_w.o(.text) for __aeabi_memclr4
    main.o(.text.SystemClock_Config) refers to stm32f4xx_hal_rcc.o(.text.HAL_RCC_OscConfig) for HAL_RCC_OscConfig
    main.o(.text.SystemClock_Config) refers to stm32f4xx_hal_rcc.o(.text.HAL_RCC_ClockConfig) for HAL_RCC_ClockConfig
    main.o(.ARM.exidx.text.SystemClock_Config) refers to main.o(.text.SystemClock_Config) for [Anonymous Symbol]
    main.o(.ARM.exidx.text.Error_Handler) refers to main.o(.text.Error_Handler) for [Anonymous Symbol]
    main.o(.text.HAL_TIM_PeriodElapsedCallback) refers to stm32f4xx_hal.o(.text.HAL_IncTick) for HAL_IncTick
    main.o(.ARM.exidx.text.HAL_TIM_PeriodElapsedCallback) refers to main.o(.text.HAL_TIM_PeriodElapsedCallback) for [Anonymous Symbol]
    gpio.o(.text.MX_GPIO_Init) refers to stm32f4xx_hal_gpio.o(.text.HAL_GPIO_WritePin) for HAL_GPIO_WritePin
    gpio.o(.text.MX_GPIO_Init) refers to stm32f4xx_hal_gpio.o(.text.HAL_GPIO_Init) for HAL_GPIO_Init
    gpio.o(.ARM.exidx.text.MX_GPIO_Init) refers to gpio.o(.text.MX_GPIO_Init) for [Anonymous Symbol]
    freertos.o(.text.MX_FREERTOS_Init) refers to freertos.o(.text.LED_Task) for LED_Task
    freertos.o(.text.MX_FREERTOS_Init) refers to freertos.o(.rodata.LEDTask_attributes) for LEDTask_attributes
    freertos.o(.text.MX_FREERTOS_Init) refers to cmsis_os2.o(.text.osThreadNew) for osThreadNew
    freertos.o(.text.MX_FREERTOS_Init) refers to freertos.o(.bss.LEDTaskHandle) for LEDTaskHandle
    freertos.o(.text.MX_FREERTOS_Init) refers to freertos.o(.text.BUZZER_TASK) for BUZZER_TASK
    freertos.o(.text.MX_FREERTOS_Init) refers to freertos.o(.rodata.buzzerTask_attributes) for buzzerTask_attributes
    freertos.o(.text.MX_FREERTOS_Init) refers to freertos.o(.bss.buzzerTaskHandle) for buzzerTaskHandle
    freertos.o(.text.MX_FREERTOS_Init) refers to freertos.o(.text.CAN_TX_TASK) for CAN_TX_TASK
    freertos.o(.text.MX_FREERTOS_Init) refers to freertos.o(.rodata.canTxTask_attributes) for canTxTask_attributes
[...]
    [Anonymous Symbol]                       0x080030ec   Section        0  tasks.o(.text.vTaskStartScheduler)
    [Anonymous Symbol]                       0x08003190   Section        0  tasks.o(.text.vTaskSuspendAll)
    [Anonymous Symbol]                       0x080031a0   Section        0  tasks.o(.text.vTaskSwitchContext)
    [Anonymous Symbol]                       0x0800323c   Section        0  port.o(.text.xPortStartScheduler)
    [Anonymous Symbol]                       0x0800336c   Section        0  port.o(.text.xPortSysTickHandler)
    [Anonymous Symbol]                       0x0800339c   Section        0  queue.o(.text.xQueueGenericCreateStatic)
    [Anonymous Symbol]                       0x08003478   Section        0  queue.o(.text.xQueueGenericSend)
    [Anonymous Symbol]                       0x0800368c   Section        0  queue.o(.text.xQueueReceive)
    [Anonymous Symbol]                       0x08003834   Section        0  tasks.o(.text.xTaskCheckForTimeOut)
    [Anonymous Symbol]                       0x080038c4   Section        0  tasks.o(.text.xTaskCreate)
    [Anonymous Symbol]                       0x080039a0   Section        0  tasks.o(.text.xTaskCreateStatic)
    [Anonymous Symbol]                       0x08003a88   Section        0  tasks.o(.text.xTaskGetSchedulerState)
    [Anonymous Symbol]                       0x08003ab0   Section        0  tasks.o(.text.xTaskGetTickCount)
    [Anonymous Symbol]                       0x08003abc   Section        0  tasks.o(.text.xTaskIncrementTick)
    [Anonymous Symbol]                       0x08003c2c   Section        0  tasks.o(.text.xTaskPriorityDisinherit)
    [Anonymous Symbol]                       0x08003cc0   Section        0  tasks.o(.text.xTaskRemoveFromEventList)
    [Anonymous Symbol]                       0x08003d50   Section        0  tasks.o(.text.xTaskResumeAll)
    [Anonymous Symbol]                       0x08003e88   Section        0  timers.o(.text.xTimerCreateTimerTask)
    $v0                                      0x08003efc   Number         0  fpinit.o(x$fpl$fpinit)
    x$fpl$fpinit                             0x08003efc   Section       26  fpinit.o(x$fpl$fpinit)
    .Lswitch.table.flowing_led.1             0x08003f9c   Data           8  led.o(.rodata.cst8)
    [Anonymous Symbol]                       0x08003fa4   Section        0  freertos.o(.rodata.str1.1)
    breathing_cycle_period_ms                0x20000004   Data           4  led.o(.data.breathing_cycle_period_ms)
    [Anonymous Symbol]                       0x20000004   Section        0  led.o(.data.breathing_cycle_period_ms)
    flowing_led.current_led                  0x2000000a   Data           1  led.o(.data.flowing_led.current_led)
    [Anonymous Symbol]                       0x2000000a   Section        0  led.o(.data.flowing_led.current_led)
    uxCriticalNesting                        0x20000010   Data           4  port.o(.data.uxCriticalNesting)
    [Anonymous Symbol]                       0x20000010   Section        0  port.o(.data.uxCriticalNesting)
    .bss                                     0x20000018   Section       96  libspace.o(.bss)
    KernelState                              0x20000078   Data           4  cmsis_os2.o(.bss.KernelState)
    [Anonymous Symbol]                       0x20000078   Section        0  cmsis_os2.o(.bss.KernelState)
    breathing_enabled                        0x200000a4   Data           1  led.o(.bss.breathing_enabled)
    [Anonymous Symbol]                       0x200000a4   Section        0  led.o(.bss.breathing_enabled)
    breathing_start_tick                     0x200000a8   Data           4  led.o(.bss.breathing_start_tick)
    [Anonymous Symbol]                       0x200000a8   Section        0  led.o(.bss.breathing_start_tick)
    buzzer_active                            0x2000030c   Data           1  buzzer.o(.bss.buzzer_active)
    [Anonymous Symbol]                       0x2000030c   Section        0  buzzer.o(.bss.buzzer_active)
    buzzer_alarm_fsm.buzzer_state            0x2000030d   Data           1  buzzer.o(.bss.buzzer_alarm_fsm.buzzer_state)
    [Anonymous Symbol]                       0x2000030d   Section        0  buzzer.o(.bss.buzzer_alarm_fsm.buzzer_state)
    buzzer_alarm_fsm.buzzer_timer            0x20000310   Data           8  buzzer.o(.bss.buzzer_alarm_fsm.buzzer_timer)
    [Anonymous Symbol]                       0x20000310   Section        0  buzzer.o(.bss.buzzer_alarm_fsm.buzzer_timer)
    flowing_led.led_flowing_state            0x20000322   Data           1  led.o(.bss.flowing_led.led_flowing_state)
    [Anonymous Symbol]                       0x20000322   Section        0  led.o(.bss.flowing_led.led_flowing_state)
    led_flowing_timer                        0x20000398   Data           8  led.o(.bss.led_flowing_timer)
    [Anonymous Symbol]                       0x20000398   Section        0  led.o(.bss.led_flowing_timer)
    prvCheckForValidListAndQueue.ucStaticTimerQueueStorage 0x200003a0   Data         160  timers.o(.bss.prvCheckForValidListAndQueue.ucStaticTimerQueueStorage)
    [Anonymous Symbol]                       0x200003a0   Section        0  timers.o(.bss.prvCheckForValidListAndQueue.ucStaticTimerQueueStorage)
    prvCheckForValidListAndQueue.xStaticTimerQueue 0x20000440   Data          80  timers.o(.bss.prvCheckForValidListAndQueue.xStaticTimerQueue)
    [Anonymous Symbol]                       0x20000440   Section        0  timers.o(.bss.prvCheckForValidListAndQueue.xStaticTimerQueue)
    prvSampleTimeNow.xLastTime               0x20000490   Data           4  timers.o(.bss.prvSampleTimeNow.xLastTime)
    [Anonymous Symbol]                       0x20000490   Section        0  timers.o(.bss.prvSampleTimeNow.xLastTime)
    pxCurrentTimerList                       0x20000498   Data           4  timers.o(.bss.pxCurrentTimerList)
    [Anonymous Symbol]                       0x20000498   Section        0  timers.o(.bss.pxCurrentTimerList)
    pxDelayedTaskList                        0x2000049c   Data           4  tasks.o(.bss.pxDelayedTaskList)
    [Anonymous Symbol]                       0x2000049c   Section        0  tasks.o(.bss.pxDelayedTaskList)
    pxEnd                                    0x200004a0   Data           4  heap_4.o(.bss.pxEnd)
    [Anonymous Symbol]                       0x200004a0   Section        0  heap_4.o(.bss.pxEnd)
    pxOverflowDelayedTaskList                0x200004a4   Data           4  tasks.o(.bss.pxOverflowDelayedTaskList)
    [Anonymous Symbol]                       0x200004a4   Section        0  tasks.o(.bss.pxOverflowDelayedTaskList)
    pxOverflowTimerList                      0x200004a8   Data           4  timers.o(.bss.pxOverflowTimerList)
    [Anonymous Symbol]                       0x200004a8   Section        0  timers.o(.bss.pxOverflowTimerList)
    pxReadyTasksLists                        0x200004ac   Data        1120  tasks.o(.bss.pxReadyTasksLists)
    [Anonymous Symbol]                       0x200004ac   Section        0  tasks.o(.bss.pxReadyTasksLists)
    ucHeap                                   0x2000090c   Data       15360  heap_4.o(.bss.ucHeap)
    [Anonymous Symbol]                       0x2000090c   Section        0  heap_4.o(.bss.ucHeap)
    ucMaxSysCallPriority                     0x2000450c   Data           1  port.o(.bss.ucMaxSysCallPriority)
    [Anonymous Symbol]                       0x2000450c   Section        0  port.o(.bss.ucMaxSysCallPriority)
    ulMaxPRIGROUPValue                       0x20004510   Data           4  port.o(.bss.ulMaxPRIGROUPValue)
    [Anonymous Symbol]                       0x20004510   Section        0  port.o(.bss.ulMaxPRIGROUPValue)
    uxCurrentNumberOfTasks                   0x20004518   Data           4  tasks.o(.bss.uxCurrentNumberOfTasks)
    [Anonymous Symbol]                       0x20004518   Section        0  tasks.o(.bss.uxCurrentNumberOfTasks)
    uxDeletedTasksWaitingCleanUp             0x2000451c   Data           4  tasks.o(.bss.uxDeletedTasksWaitingCleanUp)
    [Anonymous Symbol]                       0x2000451c   Section        0  tasks.o(.bss.uxDeletedTasksWaitingCleanUp)
    uxSchedulerSuspended                     0x20004520   Data           4  tasks.o(.bss.uxSchedulerSuspended)
    [Anonymous Symbol]                       0x20004520   Section        0  tasks.o(.bss.uxSchedulerSuspended)
    uxTaskNumber                             0x20004524   Data           4  tasks.o(.bss.uxTaskNumber)
    [Anonymous Symbol]                       0x20004524   Section        0  tasks.o(.bss.uxTaskNumber)
    uxTopReadyPriority                       0x20004528   Data           4  tasks.o(.bss.uxTopReadyPriority)
    [Anonymous Symbol]                       0x20004528   Section        0  tasks.o(.bss.uxTopReadyPriority)
    vApplicationGetIdleTaskMemory.Idle_Stack 0x2000452c   Data         512  cmsis_os2.o(.bss.vApplicationGetIdleTaskMemory.Idle_Stack)
    [Anonymous Symbol]                       0x2000452c   Section        0  cmsis_os2.o(.bss.vApplicationGetIdleTaskMemory.Idle_Stack)
    vApplicationGetIdleTaskMemory.Idle_TCB   0x2000472c   Data          92  cmsis_os2.o(.bss.vApplicationGetIdleTaskMemory.Idle_TCB)
    [Anonymous Symbol]                       0x2000472c   Section        0  cmsis_os2.o(.bss.vApplicationGetIdleTaskMemory.Idle_TCB)
    vApplicationGetTimerTaskMemory.Timer_Stack 0x20004788   Data        1024  cmsis_os2.o(.bss.vApplicationGetTimerTaskMemory.Timer_Stack)
    [Anonymous Symbol]                       0x20004788   Section        0  cmsis_os2.o(.bss.vApplicationGetTimerTaskMemory.Timer_Stack)
    vApplicationGetTimerTaskMemory.Timer_TCB 0x20004b88   Data          92  cmsis_os2.o(.bss.vApplicationGetTimerTaskMemory.Timer_TCB)
    [Anonymous Symbol]                       0x20004b88   Section        0  cmsis_os2.o(.bss.vApplicationGetTimerTaskMemory.Timer_TCB)
    xActiveTimerList1                        0x20004be4   Data          20  timers.o(.bss.xActiveTimerList1)
    [Anonymous Symbol]                       0x20004be4   Section        0  timers.o(.bss.xActiveTimerList1)
    xActiveTimerList2                        0x20004bf8   Data          20  timers.o(.bss.xActiveTimerList2)
    [Anonymous Symbol]                       0x20004bf8   Section        0  timers.o(.bss.xActiveTimerList2)
    xBlockAllocatedBit                       0x20004c0c   Data           1  heap_4.o(.bss.xBlockAllocatedBit)
    [Anonymous Symbol]                       0x20004c0c   Section        0  heap_4.o(.bss.xBlockAllocatedBit)
    xDelayedTaskList1                        0x20004c10   Data          20  tasks.o(.bss.xDelayedTaskList1)
    [Anonymous Symbol]                       0x20004c10   Section        0  tasks.o(.bss.xDelayedTaskList1)
    xDelayedTaskList2                        0x20004c24   Data          20  tasks.o(.bss.xDelayedTaskList2)
    [Anonymous Symbol]                       0x20004c24   Section        0  tasks.o(.bss.xDelayedTaskList2)
    xFreeBytesRemaining                      0x20004c38   Data           4  heap_4.o(.bss.xFreeBytesRemaining)
    [Anonymous Symbol]                       0x20004c38   Section        0  heap_4.o(.bss.xFreeBytesRemaining)
    xIdleTaskHandle                          0x20004c3c   Data           4  tasks.o(.bss.xIdleTaskHandle)
    [Anonymous Symbol]                       0x20004c3c   Section        0  tasks.o(.bss.xIdleTaskHandle)
    xMinimumEverFreeBytesRemaining           0x20004c40   Data           4  heap_4.o(.bss.xMinimumEverFreeBytesRemaining)
    [Anonymous Symbol]                       0x20004c40   Section        0  heap_4.o(.bss.xMinimumEverFreeBytesRemaining)
    xNextTaskUnblockTime                     0x20004c44   Data           4  tasks.o(.bss.xNextTaskUnblockTime)
    [Anonymous Symbol]                       0x20004c44   Section        0  tasks.o(.bss.xNextTaskUnblockTime)
    xNumOfOverflows                          0x20004c48   Data           4  tasks.o(.bss.xNumOfOverflows)
    [Anonymous Symbol]                       0x20004c48   Section        0  tasks.o(.bss.xNumOfOverflows)
    xNumberOfSuccessfulAllocations           0x20004c4c   Data           4  heap_4.o(.bss.xNumberOfSuccessfulAllocations)
    [Anonymous Symbol]                       0x20004c4c   Section        0  heap_4.o(.bss.xNumberOfSuccessfulAllocations)
    xNumberOfSuccessfulFrees                 0x20004c50   Data           4  heap_4.o(.bss.xNumberOfSuccessfulFrees)
    [Anonymous Symbol]                       0x20004c50   Section        0  heap_4.o(.bss.xNumberOfSuccessfulFrees)
    xPendedTicks                             0x20004c54   Data           4  tasks.o(.bss.xPendedTicks)
    [Anonymous Symbol]                       0x20004c54   Section        0  tasks.o(.bss.xPendedTicks)
    xPendingReadyList                        0x20004c58   Data          20  tasks.o(.bss.xPendingReadyList)
    [Anonymous Symbol]                       0x20004c58   Section        0  tasks.o(.bss.xPendingReadyList)
    xSchedulerRunning                        0x20004cac   Data           4  tasks.o(.bss.xSchedulerRunning)
    [Anonymous Symbol]                       0x20004cac   Section        0  tasks.o(.bss.xSchedulerRunning)
    xStart                                   0x20004cb0   Data           8  heap_4.o(.bss.xStart)
    [Anonymous Symbol]                       0x20004cb0   Section        0  heap_4.o(.bss.xStart)
    xSuspendedTaskList                       0x20004cb8   Data          20  tasks.o(.bss.xSuspendedTaskList)
    [Anonymous Symbol]                       0x20004cb8   Section        0  tasks.o(.bss.xSuspendedTaskList)
    xTasksWaitingTermination                 0x20004ccc   Data          20  tasks.o(.bss.xTasksWaitingTermination)
    [Anonymous Symbol]                       0x20004ccc   Section        0  tasks.o(.bss.xTasksWaitingTermination)
    xTickCount                               0x20004ce0   Data           4  tasks.o(.bss.xTickCount)
    [Anonymous Symbol]                       0x20004ce0   Section        0  tasks.o(.bss.xTickCount)
    xTimerQueue                              0x20004ce4   Data           4  timers.o(.bss.xTimerQueue)
    [Anonymous Symbol]                       0x20004ce4   Section        0  timers.o(.bss.xTimerQueue)
    xTimerTaskHandle                         0x20004ce8   Data           4  timers.o(.bss.xTimerTaskHandle)
    [Anonymous Symbol]                       0x20004ce8   Section        0  timers.o(.bss.xTimerTaskHandle)
    xYieldPending                            0x20004cec   Data           4  tasks.o(.bss.xYieldPending)
    [Anonymous Symbol]                       0x20004cec   Section        0  tasks.o(.bss.xYieldPending)
    Heap_Mem                                 0x20004cf0   Data         512  startup_stm32f405xx.o(HEAP)
    HEAP                                     0x20004cf0   Section      512  startup_stm32f405xx.o(HEAP)
    Stack_Mem                                0x20004ef0   Data        1024  startup_stm32f405xx.o(STACK)
    STACK                                    0x20004ef0   Section     1024  startup_stm32f405xx.o(STACK)
    __initial_sp                             0x200052f0   Data           0  startup_stm32f405xx.o(STACK)

    Global Symbols

    Symbol Name                              Value     Ov Type        Size  Object(Section)

    BuildAttributes$$THM_ISAv4$E$P$D$K$B$S$7EM$VFPi3$EXTD16$VFPS$VFMA$PE$A:L22UL41UL21$X:L11$S22US41US21$IEEE1$IW$~IW$USESV6$~STKCKD$USESV7$~SHL$OTIME$ROPI$EBA8$UX$STANDARDLIB$REQ8$PRES8$EABIv2 0x00000000   Number         0  anon$$obj.o ABSOLUTE
    __ARM_exceptions_init                     - Undefined Weak Reference
    __alloca_initialize                       - Undefined Weak Reference
    __arm_preinit_                            - Undefined Weak Reference
    __arm_relocate_pie_                       - Undefined Weak Reference
    __cpp_initialize__aeabi_                  - Undefined Weak Reference
    __cxa_finalize                            - Undefined Weak Reference
    __rt_locale                               - Undefined Weak Reference
    __sigvec_lookup                           - Undefined Weak Reference
    _atexit_init                              - Undefined Weak Reference
    _call_atexit_fns                          - Undefined Weak Reference
    _clock_init                               - Undefined Weak Reference
    _fp_trap_init                             - Undefined Weak Reference
    _fp_trap_shutdown                         - Undefined Weak Reference
    _get_lc_collate                           - Undefined Weak Reference
    _get_lc_ctype                             - Undefined Weak Reference
    _get_lc_monetary                          - Undefined Weak Reference
    _get_lc_numeric                           - Undefined Weak Reference
    _get_lc_time                              - Undefined Weak Reference
    _getenv_init                              - Undefined Weak Reference
    _handle_redirection                       - Undefined Weak Reference
    _init_alloc                               - Undefined Weak Reference
    _init_user_alloc                          - Undefined Weak Reference
    _initio                                   - Undefined Weak Reference
    _rand_init                                - Undefined Weak Reference
    _signal_finish                            - Undefined Weak Reference
    _signal_init                              - Undefined Weak Reference
    _terminate_alloc                          - Undefined Weak Reference
    _terminate_user_alloc                     - Undefined Weak Reference
    _terminateio                              - Undefined Weak Reference
    __Vectors_Size                           0x00000188   Number         0  startup_stm32f405xx.o ABSOLUTE
    __Vectors                                0x08000000   Data           4  startup_stm32f405xx.o(RESET)
    __Vectors_End                            0x08000188   Data           0  startup_stm32f405xx.o(RESET)
    __main                                   0x08000189   Thumb Code     8  __main.o(!!!main)
    __scatterload                            0x08000191   Thumb Code     0  __scatter.o(!!!scatter)
    __scatterload_rt2                        0x08000191   Thumb Code    44  __scatter.o(!!!scatter)
    __scatterload_rt2_thumb_only             0x08000191   Thumb Code     0  __scatter.o(!!!scatter)
    __scatterload_null                       0x0800019f   Thumb Code     0  __scatter.o(!!!scatter)
    __scatterload_copy                       0x080001c5   Thumb Code    26  __scatter_copy.o(!!handler_copy)
    __scatterload_zeroinit                   0x080001e1   Thumb Code    28  __scatter_zi.o(!!handler_zi)
    __rt_lib_init                            0x080001fd   Thumb Code     0  libinit.o(.ARM.Collect$$libinit$$00000000)
    __rt_lib_init_fp_1                       0x080001ff   Thumb Code     0  libinit2.o(.ARM.Collect$$libinit$$00000001)
    __rt_lib_init_alloca_1                   0x08000203   Thumb Code     0  libinit2.o(.ARM.Collect$$libinit$$00000030)
    __rt_lib_init_argv_1                     0x08000203   Thumb Code     0  libinit2.o(.ARM.Collect$$libinit$$0000002E)
    __rt_lib_init_atexit_1                   0x08000203   Thumb Code     0  libinit2.o(.ARM.Collect$$libinit$$0000001D)
    __rt_lib_init_clock_1                    0x08000203   Thumb Code     0  libinit2.o(.ARM.Collect$$libinit$$00000023)
    __rt_lib_init_cpp_1                      0x08000203   Thumb Code     0  libinit2.o(.ARM.Collect$$libinit$$00000034)
    __rt_lib_init_exceptions_1               0x08000203   Thumb Code     0  libinit2.o(.ARM.Collect$$libinit$$00000032)
    __rt_lib_init_fp_trap_1                  0x08000203   Thumb Code     0  libinit2.o(.ARM.Collect$$libinit$$00000021)
    __rt_lib_init_getenv_1                   0x08000203   Thumb Code     0  libinit2.o(.ARM.Collect$$libinit$$00000025)
    __rt_lib_init_heap_1                     0x08000203   Thumb Code     0  libinit2.o(.ARM.Collect$$libinit$$0000000C)
    __rt_lib_init_lc_collate_1               0x08000203   Thumb Code     0  libinit2.o(.ARM.Collect$$libinit$$00000013)
    __rt_lib_init_lc_ctype_1                 0x08000203   Thumb Code     0  libinit2.o(.ARM.Collect$$libinit$$00000015)
    __rt_lib_init_lc_monetary_1              0x08000203   Thumb Code     0  libinit2.o(.ARM.Collect$$libinit$$00000017)
    __rt_lib_init_lc_numeric_1               0x08000203   Thumb Code     0  libinit2.o(.ARM.Collect$$libinit$$00000019)
    __rt_lib_init_lc_time_1                  0x08000203   Thumb Code     0  libinit2.o(.ARM.Collect$$libinit$$0000001B)
    __rt_lib_init_preinit_1                  0x08000203   Thumb Code     0  libinit2.o(.ARM.Collect$$libinit$$00000006)
    __rt_lib_init_rand_1                     0x08000203   Thumb Code     0  libinit2.o(.ARM.Collect$$libinit$$00000010)
    __rt_lib_init_relocate_pie_1             0x08000203   Thumb Code     0  libinit2.o(.ARM.Collect$$libinit$$00000004)
    __rt_lib_init_return                     0x08000203   Thumb Code     0  libinit2.o(.ARM.Collect$$libinit$$00000035)
    __rt_lib_init_signal_1                   0x08000203   Thumb Code     0  libinit2.o(.ARM.Collect$$libinit$$0000001F)
    __rt_lib_init_stdio_1                    0x08000203   Thumb Code     0  libinit2.o(.ARM.Collect$$libinit$$00000027)
    __rt_lib_init_user_alloc_1               0x08000203   Thumb Code     0  libinit2.o(.ARM.Collect$$libinit$$0000000E)
    __rt_lib_shutdown                        0x08000205   Thumb Code     0  libshutdown.o(.ARM.Collect$$libshutdown$$00000000)
    __rt_lib_shutdown_cpp_1                  0x08000207   Thumb Code     0  libshutdown2.o(.ARM.Collect$$libshutdown$$00000002)
    __rt_lib_shutdown_fp_trap_1              0x08000207   Thumb Code     0  libshutdown2.o(.ARM.Collect$$libshutdown$$00000007)
    __rt_lib_shutdown_heap_1                 0x08000207   Thumb Code     0  libshutdown2.o(.ARM.Collect$$libshutdown$$0000000F)
    __rt_lib_shutdown_return                 0x08000207   Thumb Code     0  libshutdown2.o(.ARM.Collect$$libshutdown$$00000010)
    __rt_lib_shutdown_signal_1               0x08000207   Thumb Code     0  libshutdown2.o(.ARM.Collect$$libshutdown$$0000000A)
    __rt_lib_shutdown_stdio_1                0x08000207   Thumb Code     0  libshutdown2.o(.ARM.Collect$$libshutdown$$00000004)
    __rt_lib_shutdown_user_alloc_1           0x08000207   Thumb Code     0  libshutdown2.o(.ARM.Collect$$libshutdown$$0000000C)
    __rt_entry                               0x08000209   Thumb Code     0  __rtentry.o(.ARM.Collect$$rtentry$$00000000)
    __rt_entry_presh_1                       0x08000209   Thumb Code     0  __rtentry2.o(.ARM.Collect$$rtentry$$00000002)
    __rt_entry_sh                            0x08000209   Thumb Code     0  __rtentry4.o(.ARM.Collect$$rtentry$$00000004)
    __rt_entry_li                            0x0800020f   Thumb Code     0  __rtentry2.o(.ARM.Collect$$rtentry$$0000000A)
    __rt_entry_postsh_1                      0x0800020f   Thumb Code     0  __rtentry2.o(.ARM.Collect$$rtentry$$00000009)
    __rt_entry_main                          0x08000213   Thumb Code     0  __rtentry2.o(.ARM.Collect$$rtentry$$0000000D)
    __rt_entry_postli_1                      0x08000213   Thumb Code     0  __rtentry2.o(.ARM.Collect$$rtentry$$0000000C)
    __rt_exit                                0x0800021b   Thumb Code     0  rtexit.o(.ARM.Collect$$rtexit$$00000000)
    __rt_exit_ls                             0x0800021d   Thumb Code     0  rtexit2.o(.ARM.Collect$$rtexit$$00000003)
    __rt_exit_prels_1                        0x0800021d   Thumb Code     0  rtexit2.o(.ARM.Collect$$rtexit$$00000002)
    __rt_exit_exit                           0x08000221   Thumb Code     0  rtexit2.o(.ARM.Collect$$rtexit$$00000004)
    Reset_Handler                            0x08000229   Thumb Code     8  startup_stm32f405xx.o(.text)
    ADC_IRQHandler                           0x08000243   Thumb Code     0  startup_stm32f405xx.o(.text)
    CAN1_SCE_IRQHandler                      0x08000243   Thumb Code     0  startup_stm32f405xx.o(.text)
    CAN1_TX_IRQHandler                       0x08000243   Thumb Code     0  startup_stm32f405xx.o(.text)
    CAN2_RX0_IRQHandler                      0x08000243   Thumb Code     0  startup_stm32f405xx.o(.text)
    CAN2_RX1_IRQHandler                      0x08000243   Thumb Code     0  startup_stm32f405xx.o(.text)
    CAN2_SCE_IRQHandler                      0x08000243   Thumb Code     0  startup_stm32f405xx.o(.text)
    CAN2_TX_IRQHandler                       0x08000243   Thumb Code     0  startup_stm32f405xx.o(.text)
    DMA1_Stream0_IRQHandler                  0x08000243   Thumb Code     0  startup_stm32f405xx.o(.text)
    DMA1_Stream1_IRQHandler                  0x08000243   Thumb Code     0  startup_stm32f405xx.o(.text)
    DMA1_Stream2_IRQHandler                  0x08000243   Thumb Code     0  startup_stm32f405xx.o(.text)
    DMA1_Stream3_IRQHandler                  0x08000243   Thumb Code     0  startup_stm32f405xx.o(.text)
    DMA1_Stream4_IRQHandler                  0x08000243   Thumb Code     0  startup_stm32f405xx.o(.text)
    DMA1_Stream5_IRQHandler                  0x08000243   Thumb Code     0  startup_stm32f405xx.o(.text)
    DMA1_Stream6_IRQHandler                  0x08000243   Thumb Code     0  startup_stm32f405xx.o(.text)
    DMA1_Stream7_IRQHandler                  0x08000243   Thumb Code     0  startup_stm32f405xx.o(.text)
    DMA2_Stream0_IRQHandler                  0x08000243   Thumb Code     0  startup_stm32f405xx.o(.text)
    DMA2_Stream1_IRQHandler                  0x08000243   Thumb Code     0  startup_stm32f405xx.o(.text)
    DMA2_Stream2_IRQHandler                  0x08000243   Thumb Code     0  startup_stm32f405xx.o(.text)
    DMA2_Stream3_IRQHandler                  0x08000243   Thumb Code     0  startup_stm32f405xx.o(.text)
    DMA2_Stream4_IRQHandler                  0x08000243   Thumb Code     0  startup_stm32f405xx.o(.text)
    DMA2_Stream5_IRQHandler                  0x08000243   Thumb Code     0  startup_stm32f405xx.o(.text)
    DMA2_Stream6_IRQHandler                  0x08000243   Thumb Code     0  startup_stm32f405xx.o(.text)
    DMA2_Stream7_IRQHandler                  0x08000243   Thumb Code     0  startup_stm32f405xx.o(.text)
    EXTI0_IRQHandler                         0x08000243   Thumb Code     0  startup_stm32f405xx.o(.text)
    EXTI15_10_IRQHandler                     0x08000243   Thumb Code     0  startup_stm32f405xx.o(.text)
    EXTI1_IRQHandler                         0x08000243   Thumb Code     0  startup_stm32f405xx.o(.text)
    EXTI2_IRQHandler                         0x08000243   Thumb Code     0  startup_stm32f405xx.o(.text)
    EXTI3_IRQHandler                         0x08000243   Thumb Code     0  startup_stm32f405xx.o(.text)
    EXTI4_IRQHandler                         0x08000243   Thumb Code     0  startup_stm32f405xx.o(.text)
    EXTI9_5_IRQHandler                       0x08000243   Thumb Code     0  startup_stm32f405xx.o(.text)
    FLASH_IRQHandler                         0x08000243   Thumb Code     0  startup_stm32f405xx.o(.text)
    FMC_IRQHandler                           0x08000243   Thumb Code     0  startup_stm32f405xx.o(.text)
    FPU_IRQHandler                           0x08000243   Thumb Code     0  startup_stm32f405xx.o(.text)
    HASH_RNG_IRQHandler                      0x08000243   Thumb Code     0  startup_stm32f405xx.o(.text)
    I2C1_ER_IRQHandler                       0x08000243   Thumb Code     0  startup_stm32f405xx.o(.text)
    I2C1_EV_IRQHandler                       0x08000243   Thumb Code     0  startup_stm32f405xx.o(.text)
    I2C2_ER_IRQHandler                       0x08000243   Thumb Code     0  startup_stm32f405xx.o(.text)
    I2C2_EV_IRQHandler                       0x08000243   Thumb Code     0  startup_stm32f405xx.o(.text)
    I2C3_ER_IRQHandler                       0x08000243   Thumb Code     0  startup_stm32f405xx.o(.text)
    I2C3_EV_IRQHandler                       0x08000243   Thumb Code     0  startup_stm32f405xx.o(.text)
    OTG_FS_IRQHandler                        0x08000243   Thumb Code     0  startup_stm32f405xx.o(.text)
    OTG_FS_WKUP_IRQHandler                   0x08000243   Thumb Code     0  startup_stm32f405xx.o(.text)
    OTG_HS_EP1_IN_IRQHandler                 0x08000243   Thumb Code     0  startup_stm32f405xx.o(.text)
    OTG_HS_EP1_OUT_IRQHandler                0x08000243   Thumb Code     0  startup_stm32f405xx.o(.text)
    OTG_HS_IRQHandler                        0x08000243   Thumb Code     0  startup_stm32f405xx.o(.text)
    OTG_HS_WKUP_IRQHandler                   0x08000243   Thumb Code     0  startup_stm32f405xx.o(.text)
    PVD_IRQHandler                           0x08000243   Thumb Code     0  startup_stm32f405xx.o(.text)
    RCC_IRQHandler                           0x08000243   Thumb Code     0  startup_stm32f405xx.o(.text)
    RTC_Alarm_IRQHandler                     0x08000243   Thumb Code     0  startup_stm32f405xx.o(.text)
    RTC_WKUP_IRQHandler                      0x08000243   Thumb Code     0  startup_stm32f405xx.o(.text)
    SDIO_IRQHandler                          0x08000243   Thumb Code     0  startup_stm32f405xx.o(.text)
    SPI1_IRQHandler                          0x08000243   Thumb Code     0  startup_stm32f405xx.o(.text)
    SPI2_IRQHandler                          0x08000243   Thumb Code     0  startup_stm32f405xx.o(.text)
    SPI3_IRQHandler                          0x08000243   Thumb Code     0  startup_stm32f405xx.o(.text)
    TAMP_STAMP_IRQHandler                    0x08000243   Thumb Code     0  startup_stm32f405xx.o(.text)
    TIM1_BRK_TIM9_IRQHandler                 0x08000243   Thumb Code     0  startup_stm32f405xx.o(.text)
    TIM1_CC_IRQHandler                       0x08000243   Thumb Code     0  startup_stm32f405xx.o(.text)
    TIM1_TRG_COM_TIM11_IRQHandler            0x08000243   Thumb Code     0  startup_stm32f405xx.o(.text)
    TIM2_IRQHandler                          0x08000243   Thumb Code     0  startup_stm32f405xx.o(.text)
    TIM3_IRQHandler                          0x08000243   Thumb Code     0  startup_stm32f405xx.o(.text)
    TIM4_IRQHandler                          0x08000243   Thumb Code     0  startup_stm32f405xx.o(.text)
    TIM5_IRQHandler                          0x08000243   Thumb Code     0  startup_stm32f405xx.o(.text)
    TIM6_DAC_IRQHandler                      0x08000243   Thumb Code     0  startup_stm32f405xx.o(.text)
    TIM7_IRQHandler                          0x08000243   Thumb Code     0  startup_stm32f405xx.o(.text)
    TIM8_BRK_TIM12_IRQHandler                0x08000243   Thumb Code     0  startup_stm32f405xx.o(.text)
    TIM8_CC_IRQHandler                       0x08000243   Thumb Code     0  startup_stm32f405xx.o(.text)
    TIM8_TRG_COM_TIM14_IRQHandler            0x08000243   Thumb Code     0  startup_stm32f405xx.o(.text)
    TIM8_UP_TIM13_IRQHandler                 0x08000243   Thumb Code     0  startup_stm32f405xx.o(.text)
    UART4_IRQHandler                         0x08000243   Thumb Code     0  startup_stm32f405xx.o(.text)
    UART5_IRQHandler                         0x08000243   Thumb Code     0  startup_stm32f405xx.o(.text)
    USART1_IRQHandler                        0x08000243   Thumb Code     0  startup_stm32f405xx.o(.text)
    USART2_IRQHandler                        0x08000243   Thumb Code     0  startup_stm32f405xx.o(.text)
    USART3_IRQHandler                        0x08000243   Thumb Code     0  startup_stm32f405xx.o(.text)
    USART6_IRQHandler                        0x08000243   Thumb Code     0  startup_stm32f405xx.o(.text)
    WWDG_IRQHandler                          0x08000243   Thumb Code     0  startup_stm32f405xx.o(.text)
    __user_initial_stackheap                 0x08000245   Thumb Code     0  startup_stm32f405xx.o(.text)
    __aeabi_uldivmod                         0x08000269   Thumb Code     0  lludivv7m.o(.text)
    _ll_udiv                                 0x08000269   Thumb Code   240  lludivv7m.o(.text)
    __aeabi_memcpy                           0x08000359   Thumb Code     0  rt_memcpy_v6.o(.text)
    __rt_memcpy                              0x08000359   Thumb Code   138  rt_memcpy_v6.o(.text)
    _memcpy_lastbytes                        0x080003bf   Thumb Code     0  rt_memcpy_v6.o(.text)
    __aeabi_memset4                          0x080003e3   Thumb Code    16  aeabi_memset4.o(.text)
    __aeabi_memset8                          0x080003e3   Thumb Code     0  aeabi_memset4.o(.text)
    __aeabi_memclr4                          0x080003f3   Thumb Code     0  rt_memclr_w.o(.text)
    __aeabi_memclr8                          0x080003f3   Thumb Code     0  rt_memclr_w.o(.text)
    __rt_memclr_w                            0x080003f3   Thumb Code     0  rt_memclr_w.o(.text)
    _memset_w                                0x080003f7   Thumb Code    74  rt_memclr_w.o(.text)
    __use_two_region_memory                  0x08000441   Thumb Code     2  heapauxi.o(.text)
    __rt_heap_escrow$2region                 0x08000443   Thumb Code     2  heapauxi.o(.text)
    __rt_heap_expand$2region                 0x08000445   Thumb Code     2  heapauxi.o(.text)
    __aeabi_memcpy4                          0x08000447   Thumb Code     0  rt_memcpy_w.o(.text)
    __aeabi_memcpy8                          0x08000447   Thumb Code     0  rt_memcpy_w.o(.text)
    __rt_memcpy_w                            0x08000447   Thumb Code   100  rt_memcpy_w.o(.text)
    _memcpy_lastbytes_aligned                0x0800048f   Thumb Code     0  rt_memcpy_w.o(.text)
    __user_setup_stackheap                   0x080004ab   Thumb Code    74  sys_stackheap_outer.o(.text)
    exit                                     0x080004f5   Thumb Code    18  exit.o(.text)
    __user_libspace                          0x08000509   Thumb Code     8  libspace.o(.text)
    __user_perproc_libspace                  0x08000509   Thumb Code     0  libspace.o(.text)
    __user_perthread_libspace                0x08000509   Thumb Code     0  libspace.o(.text)
    _sys_exit                                0x08000511   Thumb Code     8  sys_exit.o(.text)
    __I$use$semihosting                      0x0800051d   Thumb Code     0  use_no_semi.o(.text)
    __use_no_semihosting_swi                 0x0800051d   Thumb Code     2  use_no_semi.o(.text)
    __semihosting_library_function           0x0800051f   Thumb Code     0  indicate_semi.o(.text)
    BUZZER_TASK                              0x08000521   Thumb Code    16  freertos.o(.text.BUZZER_TASK)
    BusFault_Handler                         0x08000531   Thumb Code     2  stm32f4xx_it.o(.text.BusFault_Handler)
    CAN1_RX0_IRQHandler                      0x08000535   Thumb Code    16  stm32f4xx_it.o(.text.CAN1_RX0_IRQHandler)
    CAN1_RX1_IRQHandler                      0x08000545   Thumb Code    16  stm32f4xx_it.o(.text.CAN1_RX1_IRQHandler)
    CAN_SendFloatFeedback                    0x08000555   Thumb Code    58  can.o(.text.CAN_SendFloatFeedback)
    CAN_SendSlaveNoise                       0x08000591   Thumb Code    98  can.o(.text.CAN_SendSlaveNoise)
    CAN_TX_TASK                              0x080005f5   Thumb Code   104  freertos.o(.text.CAN_TX_TASK)
    DebugMon_Handler                         0x0800065d   Thumb Code     2  stm32f4xx_it.o(.text.DebugMon_Handler)
    Error_Handler                            0x08000661   Thumb Code     6  main.o(.text.Error_Handler)
    HAL_CAN_ActivateNotification             0x08000669   Thumb Code    38  stm32f4xx_hal_can.o(.text.HAL_CAN_ActivateNotification)
    HAL_CAN_AddTxMessage                     0x08000691   Thumb Code   146  stm32f4xx_hal_can.o(.text.HAL_CAN_AddTxMessage)
    HAL_CAN_ConfigFilter                     0x08000725   Thumb Code   222  stm32f4xx_hal_can.o(.text.HAL_CAN_ConfigFilter)
    HAL_CAN_ErrorCallback                    0x08000805   Thumb Code     2  stm32f4xx_hal_can.o(.text.HAL_CAN_ErrorCallback)
    HAL_CAN_GetRxMessage                     0x08000809   Thumb Code   292  stm32f4xx_hal_can.o(.text.HAL_CAN_GetRxMessage)
    HAL_CAN_IRQHandler                       0x0800092d   Thumb Code   570  stm32f4xx_hal_can.o(.text.HAL_CAN_IRQHandler)
    HAL_CAN_Init                             0x08000b69   Thumb Code   244  stm32f4xx_hal_can.o(.text.HAL_CAN_Init)
    HAL_CAN_MspInit                          0x08000c5d   Thumb Code   148  can.o(.text.HAL_CAN_MspInit)
    HAL_CAN_RxFifo0FullCallback              0x08000cf1   Thumb Code     2  stm32f4xx_hal_can.o(.text.HAL_CAN_RxFifo0FullCallback)
    HAL_CAN_RxFifo0MsgPendingCallback        0x08000cf5   Thumb Code   156  can_iqrhandler.o(.text.HAL_CAN_RxFifo0MsgPendingCallback)
    HAL_CAN_RxFifo1FullCallback              0x08000d91   Thumb Code     2  stm32f4xx_hal_can.o(.text.HAL_CAN_RxFifo1FullCallback)
    HAL_CAN_RxFifo1MsgPendingCallback        0x08000d95   Thumb Code     2  stm32f4xx_hal_can.o(.text.HAL_CAN_RxFifo1MsgPendingCallback)
    HAL_CAN_SleepCallback                    0x08000d99   Thumb Code     2  stm32f4xx_hal_can.o(.text.HAL_CAN_SleepCallback)
    HAL_CAN_Start                            0x08000d9d   Thumb Code    90  stm32f4xx_hal_can.o(.text.HAL_CAN_Start)
    HAL_CAN_TxMailbox0AbortCallback          0x08000df9   Thumb Code     2  stm32f4xx_hal_can.o(.text.HAL_CAN_TxMailbox0AbortCallback)
    HAL_CAN_TxMailbox0CompleteCallback       0x08000dfd   Thumb Code     2  stm32f4xx_hal_can.o(.text.HAL_CAN_TxMailbox0CompleteCallback)
    HAL_CAN_TxMailbox1AbortCallback          0x08000e01   Thumb Code     2  stm32f4xx_hal_can.o(.text.HAL_CAN_TxMailbox1AbortCallback)
    HAL_CAN_TxMailbox1CompleteCallback       0x08000e05   Thumb Code     2  stm32f4xx_hal_can.o(.text.HAL_CAN_TxMailbox1CompleteCallback)
    HAL_CAN_TxMailbox2AbortCallback          0x08000e09   Thumb Code     2  stm32f4xx_hal_can.o(.text.HAL_CAN_TxMailbox2AbortCallback)
    HAL_CAN_TxMailbox2CompleteCallback       0x08000e0d   Thumb Code     2  stm32f4xx_hal_can.o(.text.HAL_CAN_TxMailbox2CompleteCallback)
    HAL_CAN_WakeUpFromRxMsgCallback          0x08000e11   Thumb Code     2  stm32f4xx_hal_can.o(.text.HAL_CAN_WakeUpFromRxMsgCallback)
    HAL_GPIO_Init                            0x08000e15   Thumb Code   416  stm32f4xx_hal_gpio.o(.text.HAL_GPIO_Init)
    HAL_GPIO_WritePin                        0x08000fb5   Thumb Code    10  stm32f4xx_hal_gpio.o(.text.HAL_GPIO_WritePin)
    HAL_GetTick                              0x08000fc1   Thumb Code    12  stm32f4xx_hal.o(.text.HAL_GetTick)
    HAL_IncTick                              0x08000fcd   Thumb Code    26  stm32f4xx_hal.o(.text.HAL_IncTick)
    HAL_Init                                 0x08000fe9   Thumb Code    54  stm32f4xx_hal.o(.text.HAL_Init)
    HAL_InitTick                             0x08001021   Thumb Code   164  stm32f4xx_hal_timebase_tim.o(.text.HAL_InitTick)
    HAL_MspInit                              0x080010c5   Thumb Code    70  stm32f4xx_hal_msp.o(.text.HAL_MspInit)
    HAL_NVIC_EnableIRQ                       0x0800110d   Thumb Code    32  stm32f4xx_hal_cortex.o(.text.HAL_NVIC_EnableIRQ)
    HAL_NVIC_SetPriority                     0x0800112d   Thumb Code    86  stm32f4xx_hal_cortex.o(.text.HAL_NVIC_SetPriority)
    HAL_NVIC_SetPriorityGrouping             0x08001185   Thumb Code    32  stm32f4xx_hal_cortex.o(.text.HAL_NVIC_SetPriorityGrouping)
    HAL_RCC_ClockConfig                      0x080011a5   Thumb Code   352  stm32f4xx_hal_rcc.o(.text.HAL_RCC_ClockConfig)
    HAL_RCC_GetClockConfig                   0x08001305   Thumb Code    62  stm32f4xx_hal_rcc.o(.text.HAL_RCC_GetClockConfig)
    HAL_RCC_GetPCLK2Freq                     0x08001345   Thumb Code    38  stm32f4xx_hal_rcc.o(.text.HAL_RCC_GetPCLK2Freq)
    HAL_RCC_GetSysClockFreq                  0x0800136d   Thumb Code   104  stm32f4xx_hal_rcc.o(.text.HAL_RCC_GetSysClockFreq)
    HAL_RCC_OscConfig                        0x080013d5   Thumb Code   840  stm32f4xx_hal_rcc.o(.text.HAL_RCC_OscConfig)
    HAL_TIMEx_BreakCallback                  0x0800171d   Thumb Code     2  stm32f4xx_hal_tim_ex.o(.text.HAL_TIMEx_BreakCallback)
    HAL_TIMEx_CommutCallback                 0x08001721   Thumb Code     2  stm32f4xx_hal_tim_ex.o(.text.HAL_TIMEx_CommutCallback)
    HAL_TIM_Base_Init                        0x08001725   Thumb Code    90  stm32f4xx_hal_tim.o(.text.HAL_TIM_Base_Init)
    HAL_TIM_Base_MspInit                     0x08001781   Thumb Code     2  stm32f4xx_hal_tim.o(.text.HAL_TIM_Base_MspInit)
    HAL_TIM_Base_Start_IT                    0x08001785   Thumb Code   168  stm32f4xx_hal_tim.o(.text.HAL_TIM_Base_Start_IT)
    HAL_TIM_IC_CaptureCallback               0x0800182d   Thumb Code     2  stm32f4xx_hal_tim.o(.text.HAL_TIM_IC_CaptureCallback)
    HAL_TIM_IRQHandler                       0x08001831   Thumb Code   326  stm32f4xx_hal_tim.o(.text.HAL_TIM_IRQHandler)
    HAL_TIM_OC_DelayElapsedCallback          0x08001979   Thumb Code     2  stm32f4xx_hal_tim.o(.text.HAL_TIM_OC_DelayElapsedCallback)
    HAL_TIM_PWM_PulseFinishedCallback        0x0800197d   Thumb Code     2  stm32f4xx_hal_tim.o(.text.HAL_TIM_PWM_PulseFinishedCallback)
    HAL_TIM_PeriodElapsedCallback            0x08001981   Thumb Code    20  main.o(.text.HAL_TIM_PeriodElapsedCallback)
    HAL_TIM_TriggerCallback                  0x08001995   Thumb Code     2  stm32f4xx_hal_tim.o(.text.HAL_TIM_TriggerCallback)
    HardFault_Handler                        0x08001999   Thumb Code     2  stm32f4xx_it.o(.text.HardFault_Handler)
    LED_Task                                 0x0800199d   Thumb Code    84  freertos.o(.text.LED_Task)
    MX_CAN1_Init                             0x080019f1   Thumb Code   172  can.o(.text.MX_CAN1_Init)
    MX_FREERTOS_Init                         0x08001a9d   Thumb Code   100  freertos.o(.text.MX_FREERTOS_Init)
    MX_GPIO_Init                             0x08001b01   Thumb Code    90  gpio.o(.text.MX_GPIO_Init)
    MemManage_Handler                        0x08001b5d   Thumb Code     2  stm32f4xx_it.o(.text.MemManage_Handler)
    NMI_Handler                              0x08001b61   Thumb Code     2  stm32f4xx_it.o(.text.NMI_Handler)
    PendSV_Handler                           0x08001b71   Thumb Code   100  port.o(.text.PendSV_Handler)
    SVC_Handler                              0x08001be1   Thumb Code    36  port.o(.text.SVC_Handler)
    SysTick_Handler                          0x08001c05   Thumb Code    26  cmsis_os2.o(.text.SysTick_Handler)
    SystemClock_Config                       0x08001c21   Thumb Code   166  main.o(.text.SystemClock_Config)
    SystemInit                               0x08001cc9   Thumb Code    18  system_stm32f4xx.o(.text.SystemInit)
    TIM1_UP_TIM10_IRQHandler                 0x08001cdd   Thumb Code    16  stm32f4xx_it.o(.text.TIM1_UP_TIM10_IRQHandler)
    TIM_Base_SetConfig                       0x08001ced   Thumb Code   300  stm32f4xx_hal_tim.o(.text.TIM_Base_SetConfig)
    UsageFault_Handler                       0x08001e19   Thumb Code     2  stm32f4xx_it.o(.text.UsageFault_Handler)
    breathing_led                            0x08001e1d   Thumb Code   128  led.o(.text.breathing_led)
    breathing_led_init                       0x08001e9d   Thumb Code    70  led.o(.text.breathing_led_init)
    breathing_led_set                        0x08001ee5   Thumb Code   128  led.o(.text.breathing_led_set)
    buzzer_alarm_fsm                         0x08001f65   Thumb Code   150  buzzer.o(.text.buzzer_alarm_fsm)
    buzzer_init                              0x08001ffd   Thumb Code    32  buzzer.o(.text.buzzer_init)
    flowing_led                              0x0800201d   Thumb Code   248  led.o(.text.flowing_led)
    flowing_led_init                         0x08002115   Thumb Code    56  led.o(.text.flowing_led_init)
    main                                     0x0800214d   Thumb Code    30  main.o(.text.main)
    osDelay                                  0x0800216d   Thumb Code    32  cmsis_os2.o(.text.osDelay)
    osKernelInitialize                       0x0800218d   Thumb Code    40  cmsis_os2.o(.text.osKernelInitialize)
    osKernelStart                            0x080021b5   Thumb Code    60  cmsis_os2.o(.text.osKernelStart)
    osThreadNew                              0x080021f1   Thumb Code   184  cmsis_os2.o(.text.osThreadNew)
    pvPortMalloc                             0x080029cd   Thumb Code   454  heap_4.o(.text.pvPortMalloc)
    pxPortInitialiseStack                    0x08002b95   Thumb Code    40  port.o(.text.pxPortInitialiseStack)
    timer_get_time                           0x08002bbd   Thumb Code    16  timer.o(.text.timer_get_time)
    timer_inquery                            0x08002bcd   Thumb Code    24  timer.o(.text.timer_inquery)
    uxListRemove                             0x08002be5   Thumb Code    36  list.o(.text.uxListRemove)
    vApplicationGetIdleTaskMemory            0x08002c09   Thumb Code    26  cmsis_os2.o(.text.vApplicationGetIdleTaskMemory)
    vApplicationGetTimerTaskMemory           0x08002c25   Thumb Code    28  cmsis_os2.o(.text.vApplicationGetTimerTaskMemory)
    vListInitialise                          0x08002c41   Thumb Code    22  list.o(.text.vListInitialise)
    vListInitialiseItem                      0x08002c59   Thumb Code     6  list.o(.text.vListInitialiseItem)
    vListInsert                              0x08002c61   Thumb Code    58  list.o(.text.vListInsert)
    vListInsertEnd                           0x08002c9d   Thumb Code    28  list.o(.text.vListInsertEnd)
    vPortEnterCritical                       0x08002ccd   Thumb Code    70  port.o(.text.vPortEnterCritical)
    vPortExitCritical                        0x08002d15   Thumb Code    46  port.o(.text.vPortExitCritical)
    vPortFree                                0x08002d45   Thumb Code   208  heap_4.o(.text.vPortFree)
    vPortSetupTimerInterrupt                 0x08002e15   Thumb Code    52  port.o(.text.vPortSetupTimerInterrupt)
    vQueueAddToRegistry                      0x08002e49   Thumb Code    40  queue.o(.text.vQueueAddToRegistry)
    vQueueWaitForMessageRestricted           0x08002e71   Thumb Code    68  queue.o(.text.vQueueWaitForMessageRestricted)
    vTaskDelay                               0x08002eb5   Thumb Code   166  tasks.o(.text.vTaskDelay)
    vTaskDelayUntil                          0x08002f5d   Thumb Code   238  tasks.o(.text.vTaskDelayUntil)
    vTaskInternalSetTimeOutState             0x0800304d   Thumb Code    26  tasks.o(.text.vTaskInternalSetTimeOutState)
    vTaskMissedYield                         0x08003069   Thumb Code    14  tasks.o(.text.vTaskMissedYield)
    vTaskPlaceOnEventList                    0x08003079   Thumb Code    50  tasks.o(.text.vTaskPlaceOnEventList)
    vTaskPlaceOnEventListRestricted          0x080030ad   Thumb Code    62  tasks.o(.text.vTaskPlaceOnEventListRestricted)
    vTaskStartScheduler                      0x080030ed   Thumb Code   156  tasks.o(.text.vTaskStartScheduler)
    vTaskSuspendAll                          0x08003191   Thumb Code    16  tasks.o(.text.vTaskSuspendAll)
    vTaskSwitchContext                       0x080031a1   Thumb Code   154  tasks.o(.text.vTaskSwitchContext)
    xPortStartScheduler                      0x0800323d   Thumb Code   302  port.o(.text.xPortStartScheduler)
    xPortSysTickHandler                      0x0800336d   Thumb Code    46  port.o(.text.xPortSysTickHandler)
    xQueueGenericCreateStatic                0x0800339d   Thumb Code   218  queue.o(.text.xQueueGenericCreateStatic)
    xQueueGenericSend                        0x08003479   Thumb Code   530  queue.o(.text.xQueueGenericSend)
    xQueueReceive                            0x0800368d   Thumb Code   424  queue.o(.text.xQueueReceive)
    xTaskCheckForTimeOut                     0x08003835   Thumb Code   142  tasks.o(.text.xTaskCheckForTimeOut)
    xTaskCreate                              0x080038c5   Thumb Code   220  tasks.o(.text.xTaskCreate)
    xTaskCreateStatic                        0x080039a1   Thumb Code   232  tasks.o(.text.xTaskCreateStatic)
    xTaskGetSchedulerState                   0x08003a89   Thumb Code    38  tasks.o(.text.xTaskGetSchedulerState)
    xTaskGetTickCount                        0x08003ab1   Thumb Code    12  tasks.o(.text.xTaskGetTickCount)
    xTaskIncrementTick                       0x08003abd   Thumb Code   366  tasks.o(.text.xTaskIncrementTick)
    xTaskPriorityDisinherit                  0x08003c2d   Thumb Code   146  tasks.o(.text.xTaskPriorityDisinherit)
    xTaskRemoveFromEventList                 0x08003cc1   Thumb Code   142  tasks.o(.text.xTaskRemoveFromEventList)
    xTaskResumeAll                           0x08003d51   Thumb Code   312  tasks.o(.text.xTaskResumeAll)
    xTimerCreateTimerTask                    0x08003e89   Thumb Code   108  timers.o(.text.xTimerCreateTimerTask)
    _fp_init                                 0x08003efd   Thumb Code    26  fpinit.o(x$fpl$fpinit)
    __fplib_config_fpu_vfp                   0x08003f15   Thumb Code     0  fpinit.o(x$fpl$fpinit)
    __fplib_config_pureend_doubles           0x08003f15   Thumb Code     0  fpinit.o(x$fpl$fpinit)
    AHBPrescTable                            0x08003f16   Data          16  system_stm32f4xx.o(.rodata.AHBPrescTable)
    APBPrescTable                            0x08003f26   Data           8  system_stm32f4xx.o(.rodata.APBPrescTable)
    LEDTask_attributes                       0x08003f30   Data          36  freertos.o(.rodata.LEDTask_attributes)
    buzzerTask_attributes                    0x08003f54   Data          36  freertos.o(.rodata.buzzerTask_attributes)
    canTxTask_attributes                     0x08003f78   Data          36  freertos.o(.rodata.canTxTask_attributes)
    Region$$Table$$Base                      0x08003fc4   Number         0  anon$$obj.o(Region$$Table)
    Region$$Table$$Limit                     0x08003fe4   Number         0  anon$$obj.o(Region$$Table)
    SystemCoreClock                          0x20000000   Data           4  system_stm32f4xx.o(.data.SystemCoreClock)
    can_breath_speed_request                 0x20000008   Data           2  can_iqrhandler.o(.data.can_breath_speed_request)
    uwTickFreq                               0x2000000b   Data           1  stm32f4xx_hal.o(.data.uwTickFreq)
    uwTickPrio                               0x2000000c   Data           4  stm32f4xx_hal.o(.data.uwTickPrio)
    __libspace_start                         0x20000018   Data          96  libspace.o(.bss)
    __temporary_stack_top$libspace           0x20000078   Data           0  libspace.o(.bss)
    LEDTaskHandle                            0x2000007c   Data           4  freertos.o(.bss.LEDTaskHandle)
    RxData                                   0x20000080   Data           8  can_iqrhandler.o(.bss.RxData)
    RxHeader                                 0x20000088   Data          28  can_iqrhandler.o(.bss.RxHeader)
    buzzerTaskBuffer                         0x200000ac   Data         512  freertos.o(.bss.buzzerTaskBuffer)
    buzzerTaskControlBlock                   0x200002ac   Data          92  freertos.o(.bss.buzzerTaskControlBlock)
    buzzerTaskHandle                         0x20000308   Data           4  freertos.o(.bss.buzzerTaskHandle)
    buzzer_trigger_times                     0x20000318   Data           1  buzzer.o(.bss.buzzer_trigger_times)
    canTxTaskHandle                          0x2000031c   Data           4  freertos.o(.bss.canTxTaskHandle)
    can_breath_command_pending               0x20000320   Data           1  can_iqrhandler.o(.bss.can_breath_command_pending)
    can_breath_enable_request                0x20000321   Data           1  can_iqrhandler.o(.bss.can_breath_enable_request)
    hcan1                                    0x20000324   Data          40  can.o(.bss.hcan1)
    htim1                                    0x2000034c   Data          72  stm32f4xx_hal_timebase_tim.o(.bss.htim1)
    led_flow_state                           0x20000394   Data           1  led.o(.bss.led_flow_state)
    pxCurrentTCB                             0x20000494   Data           4  tasks.o(.bss.pxCurrentTCB)
    uwTick                                   0x20004514   Data           4  stm32f4xx_hal.o(.bss.uwTick)
    xQueueRegistry                           0x20004c6c   Data          64  queue.o(.bss.xQueueRegistry)



==============================================================================

Memory Map of the image

  Image Entry point : 0x08000189

  Load Region LR_IROM1 (Base: 0x08000000, Size: 0x00004000, Max: 0x00100000, ABSOLUTE)

    Execution Region ER_IROM1 (Exec base: 0x08000000, Load base: 0x08000000, Size: 0x00003fe4, Max: 0x00100000, ABSOLUTE)

    Exec Addr    Load Addr    Size         Type   Attr      Idx    E Section Name        Object

    0x08000000   0x08000000   0x00000188   Data   RO            3    RESET               startup_stm32f405xx.o
    0x08000188   0x08000188   0x00000008   Code   RO         1644  * !!!main             c_w.l(__main.o)
    0x08000190   0x08000190   0x00000034   Code   RO         1821    !!!scatter          c_w.l(__scatter.o)
    0x080001c4   0x080001c4   0x0000001a   Code   RO         1823    !!handler_copy      c_w.l(__scatter_copy.o)
    0x080001de   0x080001de   0x00000002   PAD
    0x080001e0   0x080001e0   0x0000001c   Code   RO         1825    !!handler_zi        c_w.l(__scatter_zi.o)
    0x080001fc   0x080001fc   0x00000002   Code   RO         1683    .ARM.Collect$$libinit$$00000000  c_w.l(libinit.o)
    0x080001fe   0x080001fe   0x00000004   Code   RO         1695    .ARM.Collect$$libinit$$00000001  c_w.l(libinit2.o)
    0x08000202   0x08000202   0x00000000   Code   RO         1698    .ARM.Collect$$libinit$$00000004  c_w.l(libinit2.o)
    0x08000202   0x08000202   0x00000000   Code   RO         1700    .ARM.Collect$$libinit$$00000006  c_w.l(libinit2.o)
    0x08000202   0x08000202   0x00000000   Code   RO         1703    .ARM.Collect$$libinit$$0000000C  c_w.l(libinit2.o)
    0x08000202   0x08000202   0x00000000   Code   RO         1705    .ARM.Collect$$libinit$$0000000E  c_w.l(libinit2.o)
    0x08000202   0x08000202   0x00000000   Code   RO         1707    .ARM.Collect$$libinit$$00000010  c_w.l(libinit2.o)
    0x08000202   0x08000202   0x00000000   Code   RO         1710    .ARM.Collect$$libinit$$00000013  c_w.l(libinit2.o)
    0x08000202   0x08000202   0x00000000   Code   RO         1712    .ARM.Collect$$libinit$$00000015  c_w.l(libinit2.o)
    0x08000202   0x08000202   0x00000000   Code   RO         1714    .ARM.Collect$$libinit$$00000017  c_w.l(libinit2.o)
    0x08000202   0x08000202   0x00000000   Code   RO         1716    .ARM.Collect$$libinit$$00000019  c_w.l(libinit2.o)
    0x08000202   0x08000202   0x00000000   Code   RO         1718    .ARM.Collect$$libinit$$0000001B  c_w.l(libinit2.o)
    0x08000202   0x08000202   0x00000000   Code   RO         1720    .ARM.Collect$$libinit$$0000001D  c_w.l(libinit2.o)
    0x08000202   0x08000202   0x00000000   Code   RO         1722    .ARM.Collect$$libinit$$0000001F  c_w.l(libinit2.o)
    0x08000202   0x08000202   0x00000000   Code   RO         1724    .ARM.Collect$$libinit$$00000021  c_w.l(libinit2.o)
    0x08000202   0x08000202   0x00000000   Code   RO         1726    .ARM.Collect$$libinit$$00000023  c_w.l(libinit2.o)
    0x08000202   0x08000202   0x00000000   Code   RO         1728    .ARM.Collect$$libinit$$00000025  c_w.l(libinit2.o)
    0x08000202   0x08000202   0x00000000   Code   RO         1730    .ARM.Collect$$libinit$$00000027  c_w.l(libinit2.o)
    0x08000202   0x08000202   0x00000000   Code   RO         1734    .ARM.Collect$$libinit$$0000002E  c_w.l(libinit2.o)
    0x08000202   0x08000202   0x00000000   Code   RO         1736    .ARM.Collect$$libinit$$00000030  c_w.l(libinit2.o)
    0x08000202   0x08000202   0x00000000   Code   RO         1738    .ARM.Collect$$libinit$$00000032  c_w.l(libinit2.o)
    0x08000202   0x08000202   0x00000000   Code   RO         1740    .ARM.Collect$$libinit$$00000034  c_w.l(libinit2.o)
    0x08000202   0x08000202   0x00000002   Code   RO         1741    .ARM.Collect$$libinit$$00000035  c_w.l(libinit2.o)
    0x08000204   0x08000204   0x00000002   Code   RO         1776    .ARM.Collect$$libshutdown$$00000000  c_w.l(libshutdown.o)
    0x08000206   0x08000206   0x00000000   Code   RO         1804    .ARM.Collect$$libshutdown$$00000002  c_w.l(libshutdown2.o)
    0x08000206   0x08000206   0x00000000   Code   RO         1806    .ARM.Collect$$libshutdown$$00000004  c_w.l(libshutdown2.o)
    0x08000206   0x08000206   0x00000000   Code   RO         1809    .ARM.Collect$$libshutdown$$00000007  c_w.l(libshutdown2.o)
    0x08000206   0x08000206   0x00000000   Code   RO         1812    .ARM.Collect$$libshutdown$$0000000A  c_w.l(libshutdown2.o)
    0x08000206   0x08000206   0x00000000   Code   RO         1814    .ARM.Collect$$libshutdown$$0000000C  c_w.l(libshutdown2.o)
    0x08000206   0x08000206   0x00000000   Code   RO         1817    .ARM.Collect$$libshutdown$$0000000F  c_w.l(libshutdown2.o)
    0x08000206   0x08000206   0x00000002   Code   RO         1818    .ARM.Collect$$libshutdown$$00000010  c_w.l(libshutdown2.o)
    0x08000208   0x08000208   0x00000000   Code   RO         1646    .ARM.Collect$$rtentry$$00000000  c_w.l(__rtentry.o)
    0x08000208   0x08000208   0x00000000   Code   RO         1654    .ARM.Collect$$rtentry$$00000002  c_w.l(__rtentry2.o)
    0x08000208   0x08000208   0x00000006   Code   RO         1666    .ARM.Collect$$rtentry$$00000004  c_w.l(__rtentry4.o)
    0x0800020e   0x0800020e   0x00000000   Code   RO         1656    .ARM.Collect$$rtentry$$00000009  c_w.l(__rtentry2.o)
    0x0800020e   0x0800020e   0x00000004   Code   RO         1657    .ARM.Collect$$rtentry$$0000000A  c_w.l(__rtentry2.o)
    0x08000212   0x08000212   0x00000000   Code   RO         1659    .ARM.Collect$$rtentry$$0000000C  c_w.l(__rtentry2.o)
    0x08000212   0x08000212   0x00000008   Code   RO         1660    .ARM.Collect$$rtentry$$0000000D  c_w.l(__rtentry2.o)
    0x0800021a   0x0800021a   0x00000002   Code   RO         1687    .ARM.Collect$$rtexit$$00000000  c_w.l(rtexit.o)
    0x0800021c   0x0800021c   0x00000000   Code   RO         1747    .ARM.Collect$$rtexit$$00000002  c_w.l(rtexit2.o)
    0x0800021c   0x0800021c   0x00000004   Code   RO         1748    .ARM.Collect$$rtexit$$00000003  c_w.l(rtexit2.o)
    0x08000220   0x08000220   0x00000006   Code   RO         1749    .ARM.Collect$$rtexit$$00000004  c_w.l(rtexit2.o)
    0x08000226   0x08000226   0x00000002   PAD
    0x08000228   0x08000228   0x00000040   Code   RO            4    .text               startup_stm32f405xx.o
    0x08000268   0x08000268   0x000000f0   Code   RO         1630    .text               c_w.l(lludivv7m.o)
    0x08000358   0x08000358   0x0000008a   Code   RO         1632    .text               c_w.l(rt_memcpy_v6.o)
    0x080003e2   0x080003e2   0x00000010   Code   RO         1636    .text               c_w.l(aeabi_memset4.o)
    0x080003f2   0x080003f2   0x0000004e   Code   RO         1640    .text               c_w.l(rt_memclr_w.o)
    0x08000440   0x08000440   0x00000006   Code   RO         1642    .text               c_w.l(heapauxi.o)
    0x08000446   0x08000446   0x00000064   Code   RO         1651    .text               c_w.l(rt_memcpy_w.o)
    0x080004aa   0x080004aa   0x0000004a   Code   RO         1670    .text               c_w.l(sys_stackheap_outer.o)
    0x080004f4   0x080004f4   0x00000012   Code   RO         1672    .text               c_w.l(exit.o)
    0x08000506   0x08000506   0x00000002   PAD
    0x08000508   0x08000508   0x00000008   Code   RO         1684    .text               c_w.l(libspace.o)
    0x08000510   0x08000510   0x0000000c   Code   RO         1742    .text               c_w.l(sys_exit.o)
    0x0800051c   0x0800051c   0x00000002   Code   RO         1765    .text               c_w.l(use_no_semi.o)
    0x0800051e   0x0800051e   0x00000000   Code   RO         1767    .text               c_w.l(indicate_semi.o)
    0x0800051e   0x0800051e   0x00000002   PAD
    0x08000520   0x08000520   0x00000010   Code   RO           40    .text.BUZZER_TASK   freertos.o
    0x08000530   0x08000530   0x00000002   Code   RO           86    .text.BusFault_Handler  stm32f4xx_it.o
    0x08000532   0x08000532   0x00000002   PAD
    0x08000534   0x08000534   0x00000010   Code   RO           92    .text.CAN1_RX0_IRQHandler  stm32f4xx_it.o
    0x08000544   0x08000544   0x00000010   Code   RO           94    .text.CAN1_RX1_IRQHandler  stm32f4xx_it.o
    0x08000554   0x08000554   0x0000003a   Code   RO           69    .text.CAN_SendFloatFeedback  can.o
    0x0800058e   0x0800058e   0x00000002   PAD
    0x08000590   0x08000590   0x00000062   Code   RO           67    .text.CAN_SendSlaveNoise  can.o
    0x080005f2   0x080005f2   0x00000002   PAD
    0x080005f4   0x080005f4   0x00000068   Code   RO           42    .text.CAN_TX_TASK   freertos.o
    0x0800065c   0x0800065c   0x00000002   Code   RO           90    .text.DebugMon_Handler  stm32f4xx_it.o
    0x0800065e   0x0800065e   0x00000002   PAD
    0x08000660   0x08000660   0x00000006   Code   RO           15    .text.Error_Handler  main.o
    0x08000666   0x08000666   0x00000002   PAD
    0x08000668   0x08000668   0x00000026   Code   RO          482    .text.HAL_CAN_ActivateNotification  stm32f4xx_hal_can.o
    0x0800068e   0x0800068e   0x00000002   PAD
    0x08000690   0x08000690   0x00000092   Code   RO          468    .text.HAL_CAN_AddTxMessage  stm32f4xx_hal_can.o
    0x08000722   0x08000722   0x00000002   PAD
    0x08000724   0x08000724   0x000000de   Code   RO          458    .text.HAL_CAN_ConfigFilter  stm32f4xx_hal_can.o
    0x08000802   0x08000802   0x00000002   PAD
    0x08000804   0x08000804   0x00000002   Code   RO          512    .text.HAL_CAN_ErrorCallback  stm32f4xx_hal_can.o
    0x08000806   0x08000806   0x00000002   PAD
    0x08000808   0x08000808   0x00000124   Code   RO          478    .text.HAL_CAN_GetRxMessage  stm32f4xx_hal_can.o
    0x0800092c   0x0800092c   0x0000023a   Code   RO          486    .text.HAL_CAN_IRQHandler  stm32f4xx_hal_can.o
    0x08000b66   0x08000b66   0x00000002   PAD
    0x08000b68   0x08000b68   0x000000f4   Code   RO          448    .text.HAL_CAN_Init  stm32f4xx_hal_can.o
    0x08000c5c   0x08000c5c   0x00000094   Code   RO           63    .text.HAL_CAN_MspInit  can.o
    0x08000cf0   0x08000cf0   0x00000002   Code   RO          500    .text.HAL_CAN_RxFifo0FullCallback  stm32f4xx_hal_can.o
    0x08000cf2   0x08000cf2   0x00000002   PAD
    0x08000cf4   0x08000cf4   0x0000009c   Code   RO         1615    .text.HAL_CAN_RxFifo0MsgPendingCallback  can_iqrhandler.o
    0x08000d90   0x08000d90   0x00000002   Code   RO          504    .text.HAL_CAN_RxFifo1FullCallback  stm32f4xx_hal_can.o
    0x08000d92   0x08000d92   0x00000002   PAD
    0x08000d94   0x08000d94   0x00000002   Code   RO          506    .text.HAL_CAN_RxFifo1MsgPendingCallback  stm32f4xx_hal_can.o
    0x08000d96   0x08000d96   0x00000002   PAD
    0x08000d98   0x08000d98   0x00000002   Code   RO          508    .text.HAL_CAN_SleepCallback  stm32f4xx_hal_can.o
    0x08000d9a   0x08000d9a   0x00000002   PAD
    0x08000d9c   0x08000d9c   0x0000005a   Code   RO          460    .text.HAL_CAN_Start  stm32f4xx_hal_can.o
    0x08000df6   0x08000df6   0x00000002   PAD
    0x08000df8   0x08000df8   0x00000002   Code   RO          490    .text.HAL_CAN_TxMailbox0AbortCallback  stm32f4xx_hal_can.o
    0x08000dfa   0x08000dfa   0x00000002   PAD
    0x08000dfc   0x08000dfc   0x00000002   Code   RO          488    .text.HAL_CAN_TxMailbox0CompleteCallback  stm32f4xx_hal_can.o
    0x08000dfe   0x08000dfe   0x00000002   PAD
    0x08000e00   0x08000e00   0x00000002   Code   RO          494    .text.HAL_CAN_TxMailbox1AbortCallback  stm32f4xx_hal_can.o
    0x08000e02   0x08000e02   0x00000002   PAD
    0x08000e04   0x08000e04   0x00000002   Code   RO          492    .text.HAL_CAN_TxMailbox1CompleteCallback  stm32f4xx_hal_can.o
    0x08000e06   0x08000e06   0x00000002   PAD
    0x08000e08   0x08000e08   0x00000002   Code   RO          498    .text.HAL_CAN_TxMailbox2AbortCallback  stm32f4xx_hal_can.o
    0x08000e0a   0x08000e0a   0x00000002   PAD
    0x08000e0c   0x08000e0c   0x00000002   Code   RO          496    .text.HAL_CAN_TxMailbox2CompleteCallback  stm32f4xx_hal_can.o
    0x08000e0e   0x08000e0e   0x00000002   PAD
    0x08000e10   0x08000e10   0x00000002   Code   RO          510    .text.HAL_CAN_WakeUpFromRxMsgCallback  stm32f4xx_hal_can.o
    0x08000e12   0x08000e12   0x00000002   PAD
    0x08000e14   0x08000e14   0x000001a0   Code   RO          638    .text.HAL_GPIO_Init  stm32f4xx_hal_gpio.o
    0x08000fb4   0x08000fb4   0x0000000a   Code   RO          644    .text.HAL_GPIO_WritePin  stm32f4xx_hal_gpio.o
    0x08000fbe   0x08000fbe   0x00000002   PAD
    0x08000fc0   0x08000fc0   0x0000000c   Code   RO          835    .text.HAL_GetTick   stm32f4xx_hal.o
    0x08000fcc   0x08000fcc   0x0000001a   Code   RO          833    .text.HAL_IncTick   stm32f4xx_hal.o
    0x08000fe6   0x08000fe6   0x00000002   PAD
    0x08000fe8   0x08000fe8   0x00000036   Code   RO          823    .text.HAL_Init      stm32f4xx_hal.o
    0x0800101e   0x0800101e   0x00000002   PAD
    0x08001020   0x08001020   0x000000a4   Code   RO          114    .text.HAL_InitTick  stm32f4xx_hal_timebase_tim.o
    0x080010c4   0x080010c4   0x00000046   Code   RO          105    .text.HAL_MspInit   stm32f4xx_hal_msp.o
    0x0800110a   0x0800110a   0x00000002   PAD
    0x0800110c   0x0800110c   0x00000020   Code   RO          775    .text.HAL_NVIC_EnableIRQ  stm32f4xx_hal_cortex.o
    0x0800112c   0x0800112c   0x00000056   Code   RO          773    .text.HAL_NVIC_SetPriority  stm32f4xx_hal_cortex.o
    0x08001182   0x08001182   0x00000002   PAD
    0x08001184   0x08001184   0x00000020   Code   RO          771    .text.HAL_NVIC_SetPriorityGrouping  stm32f4xx_hal_cortex.o
    0x080011a4   0x080011a4   0x00000160   Code   RO          532    .text.HAL_RCC_ClockConfig  stm32f4xx_hal_rcc.o
    0x08001304   0x08001304   0x0000003e   Code   RO          550    .text.HAL_RCC_GetClockConfig  stm32f4xx_hal_rcc.o
    0x08001342   0x08001342   0x00000002   PAD
    0x08001344   0x08001344   0x00000026   Code   RO          546    .text.HAL_RCC_GetPCLK2Freq  stm32f4xx_hal_rcc.o
    0x0800136a   0x0800136a   0x00000002   PAD
    0x0800136c   0x0800136c   0x00000068   Code   RO          534    .text.HAL_RCC_GetSysClockFreq  stm32f4xx_hal_rcc.o
    0x080013d4   0x080013d4   0x00000348   Code   RO          530    .text.HAL_RCC_OscConfig  stm32f4xx_hal_rcc.o
    0x0800171c   0x0800171c   0x00000002   Code   RO          434    .text.HAL_TIMEx_BreakCallback  stm32f4xx_hal_tim_ex.o
    0x0800171e   0x0800171e   0x00000002   PAD
    0x08001720   0x08001720   0x00000002   Code   RO          430    .text.HAL_TIMEx_CommutCallback  stm32f4xx_hal_tim_ex.o
    0x08001722   0x08001722   0x00000002   PAD
    0x08001724   0x08001724   0x0000005a   Code   RO          129    .text.HAL_TIM_Base_Init  stm32f4xx_hal_tim.o
    0x0800177e   0x0800177e   0x00000002   PAD
    0x08001780   0x08001780   0x00000002   Code   RO          131    .text.HAL_TIM_Base_MspInit  stm32f4xx_hal_tim.o
    0x08001782   0x08001782   0x00000002   PAD
    0x08001784   0x08001784   0x000000a8   Code   RO          143    .text.HAL_TIM_Base_Start_IT  stm32f4xx_hal_tim.o
    0x0800182c   0x0800182c   0x00000002   Code   RO          265    .text.HAL_TIM_IC_CaptureCallback  stm32f4xx_hal_tim.o
    0x0800182e   0x0800182e   0x00000002   PAD
    0x08001830   0x08001830   0x00000146   Code   RO          263    .text.HAL_TIM_IRQHandler  stm32f4xx_hal_tim.o
    0x08001976   0x08001976   0x00000002   PAD
    0x08001978   0x08001978   0x00000002   Code   RO          267    .text.HAL_TIM_OC_DelayElapsedCallback  stm32f4xx_hal_tim.o
    0x0800197a   0x0800197a   0x00000002   PAD
    0x0800197c   0x0800197c   0x00000002   Code   RO          269    .text.HAL_TIM_PWM_PulseFinishedCallback  stm32f4xx_hal_tim.o
    0x0800197e   0x0800197e   0x00000002   PAD
    0x08001980   0x08001980   0x00000014   Code   RO           17    .text.HAL_TIM_PeriodElapsedCallback  main.o
    0x08001994   0x08001994   0x00000002   Code   RO          273    .text.HAL_TIM_TriggerCallback  stm32f4xx_hal_tim.o
    0x08001996   0x08001996   0x00000002   PAD
    0x08001998   0x08001998   0x00000002   Code   RO           82    .text.HardFault_Handler  stm32f4xx_it.o
    0x0800199a   0x0800199a   0x00000002   PAD
    0x0800199c   0x0800199c   0x00000054   Code   RO           38    .text.LED_Task      freertos.o
    0x080019f0   0x080019f0   0x000000ac   Code   RO           61    .text.MX_CAN1_Init  can.o
    0x08001a9c   0x08001a9c   0x00000064   Code   RO           36    .text.MX_FREERTOS_Init  freertos.o
    0x08001b00   0x08001b00   0x0000005a   Code   RO           28    .text.MX_GPIO_Init  gpio.o
    0x08001b5a   0x08001b5a   0x00000002   PAD
    0x08001b5c   0x08001b5c   0x00000002   Code   RO           84    .text.MemManage_Handler  stm32f4xx_it.o
    0x08001b5e   0x08001b5e   0x00000002   PAD
    0x08001b60   0x08001b60   0x00000002   Code   RO           80    .text.NMI_Handler   stm32f4xx_it.o
    0x08001b62   0x08001b62   0x0000000e   PAD
    0x08001b70   0x08001b70   0x00000064   Code   RO         1514    .text.PendSV_Handler  port.o
    0x08001bd4   0x08001bd4   0x0000000c   PAD
    0x08001be0   0x08001be0   0x00000024   Code   RO         1498    .text.SVC_Handler   port.o
    0x08001c04   0x08001c04   0x0000001a   Code   RO         1303    .text.SysTick_Handler  cmsis_os2.o
    0x08001c1e   0x08001c1e   0x00000002   PAD
    0x08001c20   0x08001c20   0x000000a6   Code   RO           13    .text.SystemClock_Config  main.o
    0x08001cc6   0x08001cc6   0x00000002   PAD
    0x08001cc8   0x08001cc8   0x00000012   Code   RO          914    .text.SystemInit    system_stm32f4xx.o
    0x08001cda   0x08001cda   0x00000002   PAD
    0x08001cdc   0x08001cdc   0x00000010   Code   RO           96    .text.TIM1_UP_TIM10_IRQHandler  stm32f4xx_it.o
    0x08001cec   0x08001cec   0x0000012c   Code   RO          133    .text.TIM_Base_SetConfig  stm32f4xx_hal_tim.o
    0x08001e18   0x08001e18   0x00000002   Code   RO           88    .text.UsageFault_Handler  stm32f4xx_it.o
    0x08001e1a   0x08001e1a   0x00000002   PAD
    0x08001e1c   0x08001e1c   0x00000080   Code   RO         1585    .text.breathing_led  led.o
    0x08001e9c   0x08001e9c   0x00000046   Code   RO         1581    .text.breathing_led_init  led.o
    0x08001ee2   0x08001ee2   0x00000002   PAD
    0x08001ee4   0x08001ee4   0x00000080   Code   RO         1583    .text.breathing_led_set  led.o
    0x08001f64   0x08001f64   0x00000096   Code   RO         1555    .text.buzzer_alarm_fsm  buzzer.o
    0x08001ffa   0x08001ffa   0x00000002   PAD
    0x08001ffc   0x08001ffc   0x00000020   Code   RO         1545    .text.buzzer_init   buzzer.o
    0x0800201c   0x0800201c   0x000000f8   Code   RO         1579    .text.flowing_led   led.o
    0x08002114   0x08002114   0x00000038   Code   RO         1577    .text.flowing_led_init  led.o
    0x0800214c   0x0800214c   0x0000001e   Code   RO           11    .text.main          main.o
    0x0800216a   0x0800216a   0x00000002   PAD
    0x0800216c   0x0800216c   0x00000020   Code   RO         1363    .text.osDelay       cmsis_os2.o
    0x0800218c   0x0800218c   0x00000028   Code   RO         1305    .text.osKernelInitialize  cmsis_os2.o
    0x080021b4   0x080021b4   0x0000003c   Code   RO         1311    .text.osKernelStart  cmsis_os2.o
    0x080021f0   0x080021f0   0x000000b8   Code   RO         1327    .text.osThreadNew   cmsis_os2.o
    0x080022a8   0x080022a8   0x00000080   Code   RO         1121    .text.prvAddCurrentTaskToDelayedList  tasks.o
    0x08002328   0x08002328   0x0000011c   Code   RO         1111    .text.prvAddNewTaskToReadyList  tasks.o
    0x08002444   0x08002444   0x0000007c   Code   RO         1248    .text.prvCheckForValidListAndQueue  timers.o
    0x080024c0   0x080024c0   0x00000096   Code   RO         1145    .text.prvIdleTask   tasks.o
    0x08002556   0x08002556   0x00000002   PAD
    0x08002558   0x08002558   0x00000028   Code   RO         1506    .text.prvPortStartFirstTask  port.o
    0x08002580   0x08002580   0x000000ea   Code   RO         1284    .text.prvSampleTimeNow  timers.o
    0x0800266a   0x0800266a   0x00000002   PAD
    0x0800266c   0x0800266c   0x00000032   Code   RO         1496    .text.prvTaskExitError  port.o
    0x0800269e   0x0800269e   0x00000002   PAD
    0x080026a0   0x080026a0   0x000002b6   Code   RO         1250    .text.prvTimerTask  timers.o
    0x08002956   0x08002956   0x00000002   PAD
    0x08002958   0x08002958   0x00000072   Code   RO         1010    .text.prvUnlockQueue  queue.o
    0x080029ca   0x080029ca   0x00000002   PAD
    0x080029cc   0x080029cc   0x000001c6   Code   RO         1466    .text.pvPortMalloc  heap_4.o
    0x08002b92   0x08002b92   0x00000002   PAD
    0x08002b94   0x08002b94   0x00000028   Code   RO         1494    .text.pxPortInitialiseStack  port.o
    0x08002bbc   0x08002bbc   0x00000010   Code   RO         1603    .text.timer_get_time  timer.o
    0x08002bcc   0x08002bcc   0x00000018   Code   RO         1605    .text.timer_inquery  timer.o
    0x08002be4   0x08002be4   0x00000024   Code   RO          974    .text.uxListRemove  list.o
    0x08002c08   0x08002c08   0x0000001a   Code   RO         1449    .text.vApplicationGetIdleTaskMemory  cmsis_os2.o
    0x08002c22   0x08002c22   0x00000002   PAD
    0x08002c24   0x08002c24   0x0000001c   Code   RO         1451    .text.vApplicationGetTimerTaskMemory  cmsis_os2.o
    0x08002c40   0x08002c40   0x00000016   Code   RO          966    .text.vListInitialise  list.o
    0x08002c56   0x08002c56   0x00000002   PAD
    0x08002c58   0x08002c58   0x00000006   Code   RO          968    .text.vListInitialiseItem  list.o
    0x08002c5e   0x08002c5e   0x00000002   PAD
    0x08002c60   0x08002c60   0x0000003a   Code   RO          972    .text.vListInsert   list.o
    0x08002c9a   0x08002c9a   0x00000002   PAD
    0x08002c9c   0x08002c9c   0x0000001c   Code   RO          970    .text.vListInsertEnd  list.o
    0x08002cb8   0x08002cb8   0x00000014   Code   RO         1504    .text.vPortEnableVFP  port.o
    0x08002ccc   0x08002ccc   0x00000046   Code   RO         1510    .text.vPortEnterCritical  port.o
    0x08002d12   0x08002d12   0x00000002   PAD
    0x08002d14   0x08002d14   0x0000002e   Code   RO         1512    .text.vPortExitCritical  port.o
    0x08002d42   0x08002d42   0x00000002   PAD
    0x08002d44   0x08002d44   0x000000d0   Code   RO         1468    .text.vPortFree     heap_4.o
    0x08002e14   0x08002e14   0x00000034   Code   RO         1502    .text.vPortSetupTimerInterrupt  port.o
    0x08002e48   0x08002e48   0x00000028   Code   RO         1044    .text.vQueueAddToRegistry  queue.o
    0x08002e70   0x08002e70   0x00000044   Code   RO         1048    .text.vQueueWaitForMessageRestricted  queue.o
    0x08002eb4   0x08002eb4   0x000000a6   Code   RO         1125    .text.vTaskDelay    tasks.o
    0x08002f5a   0x08002f5a   0x00000002   PAD
    0x08002f5c   0x08002f5c   0x000000ee   Code   RO         1117    .text.vTaskDelayUntil  tasks.o
    0x0800304a   0x0800304a   0x00000002   PAD
    0x0800304c   0x0800304c   0x0000001a   Code   RO         1175    .text.vTaskInternalSetTimeOutState  tasks.o
    0x08003066   0x08003066   0x00000002   PAD
    0x08003068   0x08003068   0x0000000e   Code   RO         1179    .text.vTaskMissedYield  tasks.o
    0x08003076   0x08003076   0x00000002   PAD
    0x08003078   0x08003078   0x00000032   Code   RO         1163    .text.vTaskPlaceOnEventList  tasks.o
    0x080030aa   0x080030aa   0x00000002   PAD
    0x080030ac   0x080030ac   0x0000003e   Code   RO         1167    .text.vTaskPlaceOnEventListRestricted  tasks.o
    0x080030ea   0x080030ea   0x00000002   PAD
    0x080030ec   0x080030ec   0x000000a4   Code   RO         1143    .text.vTaskStartScheduler  tasks.o
    0x08003190   0x08003190   0x00000010   Code   RO         1119    .text.vTaskSuspendAll  tasks.o
    0x080031a0   0x080031a0   0x0000009a   Code   RO         1137    .text.vTaskSwitchContext  tasks.o
    0x0800323a   0x0800323a   0x00000002   PAD
    0x0800323c   0x0800323c   0x0000012e   Code   RO         1500    .text.xPortStartScheduler  port.o
    0x0800336a   0x0800336a   0x00000002   PAD
    0x0800336c   0x0800336c   0x0000002e   Code   RO         1516    .text.xPortSysTickHandler  port.o
    0x0800339a   0x0800339a   0x00000002   PAD
    0x0800339c   0x0800339c   0x000000da   Code   RO          986    .text.xQueueGenericCreateStatic  queue.o
    0x08003476   0x08003476   0x00000002   PAD
    0x08003478   0x08003478   0x00000212   Code   RO         1000    .text.xQueueGenericSend  queue.o
    0x0800368a   0x0800368a   0x00000002   PAD
    0x0800368c   0x0800368c   0x000001a8   Code   RO         1016    .text.xQueueReceive  queue.o
    0x08003834   0x08003834   0x0000008e   Code   RO         1177    .text.xTaskCheckForTimeOut  tasks.o
    0x080038c2   0x080038c2   0x00000002   PAD
    0x080038c4   0x080038c4   0x000000dc   Code   RO         1113    .text.xTaskCreate   tasks.o
    0x080039a0   0x080039a0   0x000000e8   Code   RO         1109    .text.xTaskCreateStatic  tasks.o
    0x08003a88   0x08003a88   0x00000026   Code   RO         1191    .text.xTaskGetSchedulerState  tasks.o
    0x08003aae   0x08003aae   0x00000002   PAD
    0x08003ab0   0x08003ab0   0x0000000c   Code   RO         1151    .text.xTaskGetTickCount  tasks.o
    0x08003abc   0x08003abc   0x0000016e   Code   RO         1149    .text.xTaskIncrementTick  tasks.o
    0x08003c2a   0x08003c2a   0x00000002   PAD
    0x08003c2c   0x08003c2c   0x00000092   Code   RO         1195    .text.xTaskPriorityDisinherit  tasks.o
    0x08003cbe   0x08003cbe   0x00000002   PAD
    0x08003cc0   0x08003cc0   0x0000008e   Code   RO         1169    .text.xTaskRemoveFromEventList  tasks.o
    0x08003d4e   0x08003d4e   0x00000002   PAD
    0x08003d50   0x08003d50   0x00000138   Code   RO         1123    .text.xTaskResumeAll  tasks.o
    0x08003e88   0x08003e88   0x00000074   Code   RO         1246    .text.xTimerCreateTimerTask  timers.o
    0x08003efc   0x08003efc   0x0000001a   Code   RO         1759    x$fpl$fpinit        fz_wm.l(fpinit.o)
    0x08003f16   0x08003f16   0x00000010   Data   RO          919    .rodata.AHBPrescTable  system_stm32f4xx.o
    0x08003f26   0x08003f26   0x00000008   Data   RO          920    .rodata.APBPrescTable  system_stm32f4xx.o
    0x08003f2e   0x08003f2e   0x00000002   PAD
    0x08003f30   0x08003f30   0x00000024   Data   RO           46    .rodata.LEDTask_attributes  freertos.o
    0x08003f54   0x08003f54   0x00000024   Data   RO           49    .rodata.buzzerTask_attributes  freertos.o
    0x08003f78   0x08003f78   0x00000024   Data   RO           45    .rodata.canTxTask_attributes  freertos.o
    0x08003f9c   0x08003f9c   0x00000008   Data   RO         1594    .rodata.cst8        led.o
    0x08003fa4   0x08003fa4   0x0000001d   Data   RO           44    .rodata.str1.1      freertos.o
    0x08003fc1   0x08003fc1   0x00000003   PAD
    0x08003fc4   0x08003fc4   0x00000020   Data   RO         1820    Region$$Table       anon$$obj.o


    Execution Region RW_IRAM1 (Exec base: 0x20000000, Load base: 0x08003fe8, Size: 0x000052f0, Max: 0x0001c000, ABSOLUTE)

    Exec Addr    Load Addr    Size         Type   Attr      Idx    E Section Name        Object

    0x20000000   0x08003fe8   0x00000004   Data   RW          918    .data.SystemCoreClock  system_stm32f4xx.o
    0x20000004   0x08003fec   0x00000004   Data   RW         1592    .data.breathing_cycle_period_ms  led.o
    0x20000008   0x08003ff0   0x00000002   Data   RW         1619    .data.can_breath_speed_request  can_iqrhandler.o
    0x2000000a   0x08003ff2   0x00000001   Data   RW         1589    .data.flowing_led.current_led  led.o
    0x2000000b   0x08003ff3   0x00000001   Data   RW          878    .data.uwTickFreq    stm32f4xx_hal.o
    0x2000000c   0x08003ff4   0x00000004   Data   RW          877    .data.uwTickPrio    stm32f4xx_hal.o
    0x20000010   0x08003ff8   0x00000004   Data   RW         1522    .data.uxCriticalNesting  port.o
    0x20000014   0x08003ffc   0x00000004   PAD
    0x20000018        -       0x00000060   Zero   RW         1685    .bss                c_w.l(libspace.o)
    0x20000078        -       0x00000004   Zero   RW         1453    .bss.KernelState    cmsis_os2.o
    0x2000007c        -       0x00000004   Zero   RW           50    .bss.LEDTaskHandle  freertos.o
    0x20000080        -       0x00000008   Zero   RW         1621    .bss.RxData         can_iqrhandler.o
    0x20000088        -       0x0000001c   Zero   RW         1620    .bss.RxHeader       can_iqrhandler.o
    0x200000a4        -       0x00000001   Zero   RW         1591    .bss.breathing_enabled  led.o
    0x200000a5   0x08003ffc   0x00000003   PAD
    0x200000a8        -       0x00000004   Zero   RW         1593    .bss.breathing_start_tick  led.o
    0x200000ac        -       0x00000200   Zero   RW           48    .bss.buzzerTaskBuffer  freertos.o
    0x200002ac        -       0x0000005c   Zero   RW           47    .bss.buzzerTaskControlBlock  freertos.o
    0x20000308        -       0x00000004   Zero   RW           51    .bss.buzzerTaskHandle  freertos.o
    0x2000030c        -       0x00000001   Zero   RW         1560    .bss.buzzer_active  buzzer.o
    0x2000030d        -       0x00000001   Zero   RW         1564    .bss.buzzer_alarm_fsm.buzzer_state  buzzer.o
    0x2000030e   0x08003ffc   0x00000002   PAD
    0x20000310        -       0x00000008   Zero   RW         1563    .bss.buzzer_alarm_fsm.buzzer_timer  buzzer.o
    0x20000318        -       0x00000001   Zero   RW         1562    .bss.buzzer_trigger_times  buzzer.o
    0x20000319   0x08003ffc   0x00000003   PAD
    0x2000031c        -       0x00000004   Zero   RW           52    .bss.canTxTaskHandle  freertos.o
    0x20000320        -       0x00000001   Zero   RW         1617    .bss.can_breath_command_pending  can_iqrhandler.o
    0x20000321        -       0x00000001   Zero   RW         1618    .bss.can_breath_enable_request  can_iqrhandler.o
    0x20000322        -       0x00000001   Zero   RW         1590    .bss.flowing_led.led_flowing_state  led.o
    0x20000323   0x08003ffc   0x00000001   PAD
    0x20000324        -       0x00000028   Zero   RW           71    .bss.hcan1          can.o
    0x2000034c        -       0x00000048   Zero   RW          120    .bss.htim1          stm32f4xx_hal_timebase_tim.o
    0x20000394        -       0x00000001   Zero   RW         1587    .bss.led_flow_state  led.o
    0x20000395   0x08003ffc   0x00000003   PAD
    0x20000398        -       0x00000008   Zero   RW         1588    .bss.led_flowing_timer  led.o
    0x200003a0        -       0x000000a0   Zero   RW         1294    .bss.prvCheckForValidListAndQueue.ucStaticTimerQueueStorage  timers.o
    0x20000440        -       0x00000050   Zero   RW         1293    .bss.prvCheckForValidListAndQueue.xStaticTimerQueue  timers.o
    0x20000490        -       0x00000004   Zero   RW         1290    .bss.prvSampleTimeNow.xLastTime  timers.o
    0x20000494        -       0x00000004   Zero   RW         1217    .bss.pxCurrentTCB   tasks.o
    0x20000498        -       0x00000004   Zero   RW         1288    .bss.pxCurrentTimerList  timers.o
    0x2000049c        -       0x00000004   Zero   RW         1225    .bss.pxDelayedTaskList  tasks.o
    0x200004a0        -       0x00000004   Zero   RW         1478    .bss.pxEnd          heap_4.o
    0x200004a4        -       0x00000004   Zero   RW         1226    .bss.pxOverflowDelayedTaskList  tasks.o
    0x200004a8        -       0x00000004   Zero   RW         1289    .bss.pxOverflowTimerList  timers.o
    0x200004ac        -       0x00000460   Zero   RW         1228    .bss.pxReadyTasksLists  tasks.o
    0x2000090c        -       0x00003c00   Zero   RW         1485    .bss.ucHeap         heap_4.o
    0x2000450c        -       0x00000001   Zero   RW         1520    .bss.ucMaxSysCallPriority  port.o
    0x2000450d   0x08003ffc   0x00000003   PAD
    0x20004510        -       0x00000004   Zero   RW         1521    .bss.ulMaxPRIGROUPValue  port.o
    0x20004514        -       0x00000004   Zero   RW          879    .bss.uwTick         stm32f4xx_hal.o
    0x20004518        -       0x00000004   Zero   RW         1221    .bss.uxCurrentNumberOfTasks  tasks.o
    0x2000451c        -       0x00000004   Zero   RW         1220    .bss.uxDeletedTasksWaitingCleanUp  tasks.o
    0x20004520        -       0x00000004   Zero   RW         1223    .bss.uxSchedulerSuspended  tasks.o
    0x20004524        -       0x00000004   Zero   RW         1218    .bss.uxTaskNumber   tasks.o
    0x20004528        -       0x00000004   Zero   RW         1229    .bss.uxTopReadyPriority  tasks.o
    0x2000452c        -       0x00000200   Zero   RW         1455    .bss.vApplicationGetIdleTaskMemory.Idle_Stack  cmsis_os2.o
    0x2000472c        -       0x0000005c   Zero   RW         1454    .bss.vApplicationGetIdleTaskMemory.Idle_TCB  cmsis_os2.o
    0x20004788        -       0x00000400   Zero   RW         1457    .bss.vApplicationGetTimerTaskMemory.Timer_Stack  cmsis_os2.o
    0x20004b88        -       0x0000005c   Zero   RW         1456    .bss.vApplicationGetTimerTaskMemory.Timer_TCB  cmsis_os2.o
    0x20004be4        -       0x00000014   Zero   RW         1291    .bss.xActiveTimerList1  timers.o
    0x20004bf8        -       0x00000014   Zero   RW         1292    .bss.xActiveTimerList2  timers.o
    0x20004c0c        -       0x00000001   Zero   RW         1479    .bss.xBlockAllocatedBit  heap_4.o
    0x20004c0d   0x08003ffc   0x00000003   PAD
    0x20004c10        -       0x00000014   Zero   RW         1236    .bss.xDelayedTaskList1  tasks.o
    0x20004c24        -       0x00000014   Zero   RW         1237    .bss.xDelayedTaskList2  tasks.o
    0x20004c38        -       0x00000004   Zero   RW         1480    .bss.xFreeBytesRemaining  heap_4.o
    0x20004c3c        -       0x00000004   Zero   RW         1231    .bss.xIdleTaskHandle  tasks.o
    0x20004c40        -       0x00000004   Zero   RW         1482    .bss.xMinimumEverFreeBytesRemaining  heap_4.o
    0x20004c44        -       0x00000004   Zero   RW         1232    .bss.xNextTaskUnblockTime  tasks.o
    0x20004c48        -       0x00000004   Zero   RW         1235    .bss.xNumOfOverflows  tasks.o
    0x20004c4c        -       0x00000004   Zero   RW         1483    .bss.xNumberOfSuccessfulAllocations  heap_4.o
    0x20004c50        -       0x00000004   Zero   RW         1484    .bss.xNumberOfSuccessfulFrees  heap_4.o
    0x20004c54        -       0x00000004   Zero   RW         1234    .bss.xPendedTicks   tasks.o
    0x20004c58        -       0x00000014   Zero   RW         1230    .bss.xPendingReadyList  tasks.o
    0x20004c6c        -       0x00000040   Zero   RW         1050    .bss.xQueueRegistry  queue.o
    0x20004cac        -       0x00000004   Zero   RW         1222    .bss.xSchedulerRunning  tasks.o
    0x20004cb0        -       0x00000008   Zero   RW         1481    .bss.xStart         heap_4.o
    0x20004cb8        -       0x00000014   Zero   RW         1227    .bss.xSuspendedTaskList  tasks.o
    0x20004ccc        -       0x00000014   Zero   RW         1219    .bss.xTasksWaitingTermination  tasks.o
    0x20004ce0        -       0x00000004   Zero   RW         1224    .bss.xTickCount     tasks.o
    0x20004ce4        -       0x00000004   Zero   RW         1286    .bss.xTimerQueue    timers.o
    0x20004ce8        -       0x00000004   Zero   RW         1287    .bss.xTimerTaskHandle  timers.o
    0x20004cec        -       0x00000004   Zero   RW         1233    .bss.xYieldPending  tasks.o
    0x20004cf0        -       0x00000200   Zero   RW            2    HEAP                startup_stm32f405xx.o
    0x20004ef0        -       0x00000400   Zero   RW            1    STACK               startup_stm32f405xx.o


    Execution Region RW_IRAM2 (Exec base: 0x2001c000, Load base: 0x08004000, Size: 0x00000000, Max: 0x00004000, ABSOLUTE)

    **** No section assigned to this execution region ****


==============================================================================

Image component sizes


      Code (inc. data)   RO Data    RW Data    ZI Data      Debug   Object Name

       182          0          0          0         11       2596   buzzer.o
       476          0          0          0         40       7255   can.o
       156          0          0          2         38       3286   can_iqrhandler.o
       396          0          0          0       1724      43062   cmsis_os2.o
       304          8        137          0        616       4621   freertos.o
        90          0          0          0          0       2027   gpio.o
       662          0          0          0      15389       4973   heap_4.o
       630          0          8          5         15       3532   led.o
       150          0          0          0          0       2224   list.o
       222          0          0          0          0       6108   main.o
       802         16          0          4          5       3981   port.o
      1394          0          0          0         64      25163   queue.o
        64         26        392          0       1536        840   startup_stm32f405xx.o
        92          0          0          5          4       7237   stm32f4xx_hal.o
      1626          6          0          0          0      13511   stm32f4xx_hal_can.o
       150          0          0          0          0      10786   stm32f4xx_hal_cortex.o
       426          0          0          0          0       5172   stm32f4xx_hal_gpio.o
        70          0          0          0          0       3313   stm32f4xx_hal_msp.o
      1396          0          0          0          0       7350   stm32f4xx_hal_rcc.o
       894          0          0          0          0      55140   stm32f4xx_hal_tim.o
         4          0          0          0          0      21487   stm32f4xx_hal_tim_ex.o
       164          0          0          0         72       7124   stm32f4xx_hal_timebase_tim.o
        60          0          0          0          0       2294   stm32f4xx_it.o
        18          0         24          4          0       2571   system_stm32f4xx.o
      3062          8          0          0       1280      37025   tasks.o
        40          0          0          0          0        985   timer.o
      1168         26          0          0        300      16759   timers.o

    ----------------------------------------------------------------------
     14876        102        598         20      21116     300422   Object Totals
         0          0         32          0          0          0   (incl. Generated)
       178         12          5          0         22          0   (incl. Padding)

    ----------------------------------------------------------------------

      Code (inc. data)   RO Data    RW Data    ZI Data      Debug   Library Member Name

         8          0          0          0          0         68   __main.o
         0          0          0          0          0          0   __rtentry.o
        12          0          0          0          0          0   __rtentry2.o
         6          0          0          0          0          0   __rtentry4.o
        52          8          0          0          0          0   __scatter.o
        26          0          0          0          0          0   __scatter_copy.o
        28          0          0          0          0          0   __scatter_zi.o
        16          0          0          0          0         68   aeabi_memset4.o
        18          0          0          0          0         80   exit.o
         6          0          0          0          0        152   heapauxi.o
         0          0          0          0          0          0   indicate_semi.o
         2          0          0          0          0          0   libinit.o
         6          0          0          0          0          0   libinit2.o
         2          0          0          0          0          0   libshutdown.o
         2          0          0          0          0          0   libshutdown2.o
         8          4          0          0         96         68   libspace.o
       240          0          0          0          0        100   lludivv7m.o
        78          0          0          0          0         80   rt_memclr_w.o
       138          0          0          0          0         68   rt_memcpy_v6.o
       100          0          0          0          0         80   rt_memcpy_w.o
         2          0          0          0          0          0   rtexit.o
        10          0          0          0          0          0   rtexit2.o
        12          4          0          0          0         68   sys_exit.o
        74          0          0          0          0         80   sys_stackheap_outer.o
         2          0          0          0          0         68   use_no_semi.o
        26          0          0          0          0        116   fpinit.o

    ----------------------------------------------------------------------
       882         16          0          0         96       1096   Library Totals
         8          0          0          0          0          0   (incl. Padding)

    ----------------------------------------------------------------------

      Code (inc. data)   RO Data    RW Data    ZI Data      Debug   Library Name

       848         16          0          0         96        980   c_w.l
        26          0          0          0          0        116   fz_wm.l

    ----------------------------------------------------------------------
       882         16          0          0         96       1096   Library Totals

    ----------------------------------------------------------------------

==============================================================================


      Code (inc. data)   RO Data    RW Data    ZI Data      Debug   

     15758        118        598         20      21212     300602   Grand Totals
     15758        118        598         20      21212     300602   ELF Image Totals
     15758        118        598         20          0          0   ROM Totals

==============================================================================

    Total RO  Size (Code + RO Data)                16356 (  15.97kB)
    Total RW  Size (RW Data + ZI Data)             21232 (  20.73kB)
    Total ROM Size (Code + RO Data + RW Data)      16376 (  15.99kB)

==============================================================================

